Archive member included to satisfy reference by file (symbol)

/opt/st/stm32cubeide_1.17.0/plugins/com.st.stm32cube.ide.mcu.externaltools.gnu-tools-for-stm32.12.3.rel1.linux64_1.1.0.202410170702/tools/bin/../lib/gcc/arm-none-eabi/12.3.1/../../../../arm-none-eabi/lib/thumb/v7e-m+fp/hard/libc_nano.a(libc_a-exit.o)
                              /opt/st/stm32cubeide_1.17.0/plugins/com.st.stm32cube.ide.mcu.externaltools.gnu-tools-for-stm32.12.3.rel1.linux64_1.1.0.202410170702/tools/bin/../lib/gcc/arm-none-eabi/12.3.1/../../../../arm-none-eabi/lib/thumb/v7e-m+fp/hard/crt0.o (exit)
/opt/st/stm32cubeide_1.17.0/plugins/com.st.stm32cube.ide.mcu.externaltools.gnu-tools-for-stm32.12.3.rel1.linux64_1.1.0.202410170702/tools/bin/../lib/gcc/arm-none-eabi/12.3.1/../../../../arm-none-eabi/lib/thumb/v7e-m+fp/hard/libc_nano.a(libc_a-malloc.o)
                              ./Middlewares/ST/STM32_USB_Host_Library/Class/CDC/Src/usbh_cdc.o (malloc)
/opt/st/stm32cubeide_1.17.0/plugins/com.st.stm32cube.ide.mcu.externaltools.gnu-tools-for-stm32.12.3.rel1.linux64_1.1.0.202410170702/tools/bin/../lib/gcc/arm-none-eabi/12.3.1/../../../../arm-none-eabi/lib/thumb/v7e-m+fp/hard/libc_nano.a(libc_a-mallocr.o)
                              /opt/st/stm32cubeide_1.17.0/plugins/com.st.stm32cube.ide.mcu.externaltools.gnu-tools-for-stm32.12.3.rel1.linux64_1.1.0.202410170702/tools/bin/../lib/gcc/arm-none-eabi/12.3.1/../../../../arm-none-eabi/lib/thumb/v7e-m+fp/hard/libc_nano.a(libc_a-malloc.o) (_malloc_r)
/opt/st/stm32cubeide_1.17.0/plugins/com.st.stm32cube.ide.mcu.externaltools.gnu-tools-for-stm32.12.3.rel1.linux64_1.1.0.202410170702/tools/bin/../lib/gcc/arm-none-eabi/12.3.1/../../../../arm-none-eabi/lib/thumb/v7e-m+fp/hard/libc_nano.a(libc_a-mlock.o)
                              /opt/st/stm32cubeide_1.17.0/plugins/com.st.stm32cube.ide.mcu.externaltools.gnu-tools-for-stm32.12.3.rel1.linux64_1.1.0.202410170702/tools/bin/../lib/gcc/arm-none-eabi/12.3.1/../../../../arm-none-eabi/lib/thumb/v7e-m+fp/hard/libc_nano.a(libc_a-mallocr.o) (__malloc_lock)
/opt/st/stm32cubeide_1.17.0/plugins/com.st.stm32cube.ide.mcu.externaltools.gnu-tools-for-stm32.12.3.rel1.linux64_1.1.0.202410170702/tools/bin/../lib/gcc/arm-none-eabi/12.3.1/../../../../arm-none-eabi/lib/thumb/v7e-m+fp/hard/libc_nano.a(libc_a-findfp.o)
                              /opt/st/stm32cubeide_1.17.0/plugins/com.st.stm32cube.ide.mcu.externaltools.gnu-tools-for-stm32.12.3.rel1.linux64_1.1.0.202410170702/tools/bin/../lib/gcc/arm-none-eabi/12.3.1/../../../../arm-none-eabi/lib/thumb/v7e-m+fp/hard/libc_nano.a(libc_a-exit.o) (__stdio_exit_handler)
/opt/st/stm32cubeide_1.17.0/plugins/com.st.stm32cube.ide.mcu.externaltools.gnu-tools-for-stm32.12.3.rel1.linux64_1.1.0.202410170702/tools/bin/../lib/gcc/arm-none-eabi/12.3.1/../../../../arm-none-eabi/lib/thumb/v7e-m+fp/hard/libc_nano.a(libc_a-fwalk.o)
                              /opt/st/stm32cubeide_1.17.0/plugins/com.st.stm32cube.ide.mcu.externaltools.gnu-tools-for-stm32.12.3.rel1.linux64_1.1.0.202410170702/tools/bin/../lib/gcc/arm-none-eabi/12.3.1/../../../../arm-none-eabi/lib/thumb/v7e-m+fp/hard/libc_nano.a(libc_a-findfp.o) (_fwalk_sglue)
/opt/st/stm32cubeide_1.17.0/plugins/com.st.stm32cube.ide.mcu.externaltools.gnu-tools-for-stm32.12.3.rel1.linux64_1.1.0.202410170702/tools/bin/../lib/gcc/arm-none-eabi/12.3.1/../../../../arm-none-eabi/lib/thumb/v7e-m+fp/hard/libc_nano.a(libc_a-sprintf.o)
                              ./Core/Src/main.o (sprintf)
/opt/st/stm32cubeide_1.17.0/plugins/com.st.stm32cube.ide.mcu.externaltools.gnu-tools-for-stm32.12.3.rel1.linux64_1.1.0.202410170702/tools/bin/../lib/gcc/arm-none-eabi/12.3.1/../../../../arm-none-eabi/lib/thumb/v7e-m+fp/hard/libc_nano.a(libc_a-stdio.o)
                              /opt/st/stm32cubeide_1.17.0/plugins/com.st.stm32cube.ide.mcu.externaltools.gnu-tools-for-stm32.12.3.rel1.linux64_1.1.0.202410170702/tools/bin/../lib/gcc/arm-none-eabi/12.3.1/../../../../arm-none-eabi/lib/thumb/v7e-m+fp/hard/libc_nano.a(libc_a-findfp.o) (__sread)
/opt/st/stm32cubeide_1.17.0/plugins/com.st.stm32cube.ide.mcu.externaltools.gnu-tools-for-stm32.12.3.rel1.linux64_1.1.0.202410170702/tools/bin/../lib/gcc/arm-none-eabi/12.3.1/../../../../arm-none-eabi/lib/thumb/v7e-m+fp/hard/libc_nano.a(libc_a-memset.o)
                              /opt/st/stm32cubeide_1.17.0/plugins/com.st.stm32cube.ide.mcu.externaltools.gnu-tools-for-stm32.12.3.rel1.linux64_1.1.0.202410170702/tools/bin/../lib/gcc/arm-none-eabi/12.3.1/../../../../arm-none-eabi/lib/thumb/v7e-m+fp/hard/crt0.o (memset)
/opt/st/stm32cubeide_1.17.0/plugins/com.st.stm32cube.ide.mcu.externaltools.gnu-tools-for-stm32.12.3.rel1.linux64_1.1.0.202410170702/tools/bin/../lib/gcc/arm-none-eabi/12.3.1/../../../../arm-none-eabi/lib/thumb/v7e-m+fp/hard/libc_nano.a(libc_a-closer.o)
[...]
Memory Configuration

Name             Origin             Length             Attributes
CCMRAM           0x10000000         0x00010000         xrw
RAM              0x20000000         0x00020000         xrw
FLASH            0x08000000         0x00100000         xr
*default*        0x00000000         0xffffffff

Linker script and memory map

LOAD /opt/st/stm32cubeide_1.17.0/plugins/com.st.stm32cube.ide.mcu.externaltools.gnu-tools-for-stm32.12.3.rel1.linux64_1.1.0.202410170702/tools/bin/../lib/gcc/arm-none-eabi/12.3.1/thumb/v7e-m+fp/hard/crti.o
LOAD /opt/st/stm32cubeide_1.17.0/plugins/com.st.stm32cube.ide.mcu.externaltools.gnu-tools-for-stm32.12.3.rel1.linux64_1.1.0.202410170702/tools/bin/../lib/gcc/arm-none-eabi/12.3.1/thumb/v7e-m+fp/hard/crtbegin.o
LOAD /opt/st/stm32cubeide_1.17.0/plugins/com.st.stm32cube.ide.mcu.externaltools.gnu-tools-for-stm32.12.3.rel1.linux64_1.1.0.202410170702/tools/bin/../lib/gcc/arm-none-eabi/12.3.1/../../../../arm-none-eabi/lib/thumb/v7e-m+fp/hard/crt0.o
LOAD ./Core/Src/main.o
LOAD ./Core/Src/stm32f4xx_hal_msp.o
LOAD ./Core/Src/stm32f4xx_it.o
LOAD ./Core/Src/syscalls.o
LOAD ./Core/Src/sysmem.o
LOAD ./Core/Src/system_stm32f4xx.o
LOAD ./Core/Startup/startup_stm32f407vgtx.o
LOAD ./Drivers/STM32F4xx_HAL_Driver/Src/stm32f4xx_hal.o
LOAD ./Drivers/STM32F4xx_HAL_Driver/Src/stm32f4xx_hal_adc.o
LOAD ./Drivers/STM32F4xx_HAL_Driver/Src/stm32f4xx_hal_adc_ex.o
LOAD ./Drivers/STM32F4xx_HAL_Driver/Src/stm32f4xx_hal_cortex.o
LOAD ./Drivers/STM32F4xx_HAL_Driver/Src/stm32f4xx_hal_dma.o
LOAD ./Drivers/STM32F4xx_HAL_Driver/Src/stm32f4xx_hal_dma_ex.o
LOAD ./Drivers/STM32F4xx_HAL_Driver/Src/stm32f4xx_hal_exti.o
LOAD ./Drivers/STM32F4xx_HAL_Driver/Src/stm32f4xx_hal_flash.o
LOAD ./Drivers/STM32F4xx_HAL_Driver/Src/stm32f4xx_hal_flash_ex.o
LOAD ./Drivers/STM32F4xx_HAL_Driver/Src/stm32f4xx_hal_flash_ramfunc.o
LOAD ./Drivers/STM32F4xx_HAL_Driver/Src/stm32f4xx_hal_gpio.o
LOAD ./Drivers/STM32F4xx_HAL_Driver/Src/stm32f4xx_hal_hcd.o
LOAD ./Drivers/STM32F4xx_HAL_Driver/Src/stm32f4xx_hal_i2c.o
LOAD ./Drivers/STM32F4xx_HAL_Driver/Src/stm32f4xx_hal_i2c_ex.o
LOAD ./Drivers/STM32F4xx_HAL_Driver/Src/stm32f4xx_hal_i2s.o
LOAD ./Drivers/STM32F4xx_HAL_Driver/Src/stm32f4xx_hal_i2s_ex.o
LOAD ./Drivers/STM32F4xx_HAL_Driver/Src/stm32f4xx_hal_pwr.o
LOAD ./Drivers/STM32F4xx_HAL_Driver/Src/stm32f4xx_hal_pwr_ex.o
LOAD ./Drivers/STM32F4xx_HAL_Driver/Src/stm32f4xx_hal_rcc.o
LOAD ./Drivers/STM32F4xx_HAL_Driver/Src/stm32f4xx_hal_rcc_ex.o
LOAD ./Drivers/STM32F4xx_HAL_Driver/Src/stm32f4xx_hal_spi.o
LOAD ./Drivers/STM32F4xx_HAL_Driver/Src/stm32f4xx_hal_tim.o
LOAD ./Drivers/STM32F4xx_HAL_Driver/Src/stm32f4xx_hal_tim_ex.o
LOAD ./Drivers/STM32F4xx_HAL_Driver/Src/stm32f4xx_hal_uart.o
LOAD ./Drivers/STM32F4xx_HAL_Driver/Src/stm32f4xx_ll_adc.o
LOAD ./Drivers/STM32F4xx_HAL_Driver/Src/stm32f4xx_ll_usb.o
LOAD ./Middlewares/ST/STM32_USB_Host_Library/Class/CDC/Src/usbh_cdc.o
LOAD ./Middlewares/ST/STM32_USB_Host_Library/Core/Src/usbh_core.o
LOAD ./Middlewares/ST/STM32_USB_Host_Library/Core/Src/usbh_ctlreq.o
LOAD ./Middlewares/ST/STM32_USB_Host_Library/Core/Src/usbh_ioreq.o
LOAD ./Middlewares/ST/STM32_USB_Host_Library/Core/Src/usbh_pipes.o
LOAD ./USB_HOST/App/usb_host.o
LOAD ./USB_HOST/Target/usbh_conf.o
LOAD ./USB_HOST/Target/usbh_platform.o
START GROUP
LOAD /opt/st/stm32cubeide_1.17.0/plugins/com.st.stm32cube.ide.mcu.externaltools.gnu-tools-for-stm32.12.3.rel1.linux64_1.1.0.202410170702/tools/bin/../lib/gcc/arm-none-eabi/12.3.1/../../../../arm-none-eabi/lib/thumb/v7e-m+fp/hard/libc_nano.a
LOAD /opt/st/stm32cubeide_1.17.0/plugins/com.st.stm32cube.ide.mcu.externaltools.gnu-tools-for-stm32.12.3.rel1.linux64_1.1.0.202410170702/tools/bin/../lib/gcc/arm-none-eabi/12.3.1/../../../../arm-none-eabi/lib/thumb/v7e-m+fp/hard/libm.a
END GROUP
START GROUP
LOAD /opt/st/stm32cubeide_1.17.0/plugins/com.st.stm32cube.ide.mcu.externaltools.gnu-tools-for-stm32.12.3.rel1.linux64_1.1.0.202410170702/tools/bin/../lib/gcc/arm-none-eabi/12.3.1/thumb/v7e-m+fp/hard/libgcc.a
LOAD /opt/st/stm32cubeide_1.17.0/plugins/com.st.stm32cube.ide.mcu.externaltools.gnu-tools-for-stm32.12.3.rel1.linux64_1.1.0.202410170702/tools/bin/../lib/gcc/arm-none-eabi/12.3.1/../../../../arm-none-eabi/lib/thumb/v7e-m+fp/hard/libc_nano.a
END GROUP
START GROUP
LOAD /opt/st/stm32cubeide_1.17.0/plugins/com.st.stm32cube.ide.mcu.externaltools.gnu-tools-for-stm32.12.3.rel1.linux64_1.1.0.202410170702/tools/bin/../lib/gcc/arm-none-eabi/12.3.1/thumb/v7e-m+fp/hard/libgcc.a
LOAD /opt/st/stm32cubeide_1.17.0/plugins/com.st.stm32cube.ide.mcu.externaltools.gnu-tools-for-stm32.12.3.rel1.linux64_1.1.0.202410170702/tools/bin/../lib/gcc/arm-none-eabi/12.3.1/../../../../arm-none-eabi/lib/thumb/v7e-m+fp/hard/libc_nano.a
LOAD /opt/st/stm32cubeide_1.17.0/plugins/com.st.stm32cube.ide.mcu.externaltools.gnu-tools-for-stm32.12.3.rel1.linux64_1.1.0.202410170702/tools/bin/../lib/gcc/arm-none-eabi/12.3.1/../../../../arm-none-eabi/lib/thumb/v7e-m+fp/hard/libnosys.a
END GROUP
START GROUP
LOAD /opt/st/stm32cubeide_1.17.0/plugins/com.st.stm32cube.ide.mcu.externaltools.gnu-tools-for-stm32.12.3.rel1.linux64_1.1.0.202410170702/tools/bin/../lib/gcc/arm-none-eabi/12.3.1/thumb/v7e-m+fp/hard/libgcc.a
LOAD /opt/st/stm32cubeide_1.17.0/plugins/com.st.stm32cube.ide.mcu.externaltools.gnu-tools-for-stm32.12.3.rel1.linux64_1.1.0.202410170702/tools/bin/../lib/gcc/arm-none-eabi/12.3.1/../../../../arm-none-eabi/lib/thumb/v7e-m+fp/hard/libc_nano.a
LOAD /opt/st/stm32cubeide_1.17.0/plugins/com.st.stm32cube.ide.mcu.externaltools.gnu-tools-for-stm32.12.3.rel1.linux64_1.1.0.202410170702/tools/bin/../lib/gcc/arm-none-eabi/12.3.1/../../../../arm-none-eabi/lib/thumb/v7e-m+fp/hard/libnosys.a
END GROUP
LOAD /opt/st/stm32cubeide_1.17.0/plugins/com.st.stm32cube.ide.mcu.externaltools.gnu-tools-for-stm32.12.3.rel1.linux64_1.1.0.202410170702/tools/bin/../lib/gcc/arm-none-eabi/12.3.1/thumb/v7e-m+fp/hard/crtend.o
LOAD /opt/st/stm32cubeide_1.17.0/plugins/com.st.stm32cube.ide.mcu.externaltools.gnu-tools-for-stm32.12.3.rel1.linux64_1.1.0.202410170702/tools/bin/../lib/gcc/arm-none-eabi/12.3.1/thumb/v7e-m+fp/hard/crtn.o
                0x20020000                        _estack = (ORIGIN (RAM) + LENGTH (RAM))
                0x00000200                        _Min_Heap_Size = 0x200
                0x00000400                        _Min_Stack_Size = 0x400

.isr_vector     0x08000000      0x188
                0x08000000                        . = ALIGN (0x4)
 *(.isr_vector)
 .isr_vector    0x08000000      0x188 ./Core/Startup/startup_stm32f407vgtx.o
                0x08000000                g_pfnVectors
                0x08000188                        . = ALIGN (0x4)

.text           0x08000190     0x93cc
                0x08000190                        . = ALIGN (0x4)
 *(.text)
 .text          0x08000190       0x40 /opt/st/stm32cubeide_1.17.0/plugins/com.st.stm32cube.ide.mcu.externaltools.gnu-tools-for-stm32.12.3.rel1.linux64_1.1.0.202410170702/tools/bin/../lib/gcc/arm-none-eabi/12.3.1/thumb/v7e-m+fp/hard/crtbegin.o
 .text          0x080001d0       0x10 /opt/st/stm32cubeide_1.17.0/plugins/com.st.stm32cube.ide.mcu.externaltools.gnu-tools-for-stm32.12.3.rel1.linux64_1.1.0.202410170702/tools/bin/../lib/gcc/arm-none-eabi/12.3.1/../../../../arm-none-eabi/lib/thumb/v7e-m+fp/hard/libc_nano.a(libc_a-strlen.o)
                0x080001d0                strlen
 .text          0x080001e0       0xa0 /opt/st/stm32cubeide_1.17.0/plugins/com.st.stm32cube.ide.mcu.externaltools.gnu-tools-for-stm32.12.3.rel1.linux64_1.1.0.202410170702/tools/bin/../lib/gcc/arm-none-eabi/12.3.1/../../../../arm-none-eabi/lib/thumb/v7e-m+fp/hard/libc_nano.a(libc_a-memchr.o)
                0x080001e0                memchr
 .text          0x08000280       0x30 /opt/st/stm32cubeide_1.17.0/plugins/com.st.stm32cube.ide.mcu.externaltools.gnu-tools-for-stm32.12.3.rel1.linux64_1.1.0.202410170702/tools/bin/../lib/gcc/arm-none-eabi/12.3.1/thumb/v7e-m+fp/hard/libgcc.a(_aeabi_uldivmod.o)
                0x08000280                __aeabi_uldivmod
 .text          0x080002b0      0x2bc /opt/st/stm32cubeide_1.17.0/plugins/com.st.stm32cube.ide.mcu.externaltools.gnu-tools-for-stm32.12.3.rel1.linux64_1.1.0.202410170702/tools/bin/../lib/gcc/arm-none-eabi/12.3.1/thumb/v7e-m+fp/hard/libgcc.a(_udivmoddi4.o)
                0x080002b0                __udivmoddi4
 .text          0x0800056c        0x4 /opt/st/stm32cubeide_1.17.0/plugins/com.st.stm32cube.ide.mcu.externaltools.gnu-tools-for-stm32.12.3.rel1.linux64_1.1.0.202410170702/tools/bin/../lib/gcc/arm-none-eabi/12.3.1/thumb/v7e-m+fp/hard/libgcc.a(_dvmd_tls.o)
                0x0800056c                __aeabi_ldiv0
                0x0800056c                __aeabi_idiv0
 *(.text*)
 .text.main     0x08000570       0x8c ./Core/Src/main.o
                0x08000570                main
 .text.SystemClock_Config
                0x080005fc       0xd4 ./Core/Src/main.o
                0x080005fc                SystemClock_Config
 .text.MX_ADC1_Init
                0x080006d0       0xa4 ./Core/Src/main.o
 .text.MX_I2C1_Init
                0x08000774       0x5c ./Core/Src/main.o
 .text.MX_I2S3_Init
                0x080007d0       0x60 ./Core/Src/main.o
 .text.MX_SPI1_Init
                0x08000830       0x6c ./Core/Src/main.o
 .text.MX_USART2_UART_Init
                0x0800089c       0x54 ./Core/Src/main.o
 .text.MX_GPIO_Init
                0x080008f0      0x1fc ./Core/Src/main.o
 .text.Error_Handler
                0x08000aec        0xc ./Core/Src/main.o
                0x08000aec                Error_Handler
 .text.HAL_MspInit
                0x08000af8       0x50 ./Core/Src/stm32f4xx_hal_msp.o
                0x08000af8                HAL_MspInit
 .text.HAL_ADC_MspInit
                0x08000b48       0x88 ./Core/Src/stm32f4xx_hal_msp.o
                0x08000b48                HAL_ADC_MspInit
 .text.HAL_I2C_MspInit
                0x08000bd0       0x90 ./Core/Src/stm32f4xx_hal_msp.o
                0x08000bd0                HAL_I2C_MspInit
 .text.HAL_I2S_MspInit
                0x08000c60      0x100 ./Core/Src/stm32f4xx_hal_msp.o
                0x08000c60                HAL_I2S_MspInit
 .text.HAL_SPI_MspInit
                0x08000d60       0x90 ./Core/Src/stm32f4xx_hal_msp.o
                0x08000d60                HAL_SPI_MspInit
 .text.HAL_UART_MspInit
                0x08000df0       0x90 ./Core/Src/stm32f4xx_hal_msp.o
                0x08000df0                HAL_UART_MspInit
 .text.NMI_Handler
                0x08000e80        0x8 ./Core/Src/stm32f4xx_it.o
                0x08000e80                NMI_Handler
 .text.HardFault_Handler
                0x08000e88        0x8 ./Core/Src/stm32f4xx_it.o
                0x08000e88                HardFault_Handler
 .text.MemManage_Handler
                0x08000e90        0x8 ./Core/Src/stm32f4xx_it.o
                0x08000e90                MemManage_Handler
 .text.BusFault_Handler
                0x08000e98        0x8 ./Core/Src/stm32f4xx_it.o
                0x08000e98                BusFault_Handler
 .text.UsageFault_Handler
                0x08000ea0        0x8 ./Core/Src/stm32f4xx_it.o
                0x08000ea0                UsageFault_Handler
 .text.SVC_Handler
                0x08000ea8        0xe ./Core/Src/stm32f4xx_it.o
                0x08000ea8                SVC_Handler
 .text.DebugMon_Handler
                0x08000eb6        0xe ./Core/Src/stm32f4xx_it.o
                0x08000eb6                DebugMon_Handler
 .text.PendSV_Handler
                0x08000ec4        0xe ./Core/Src/stm32f4xx_it.o
                0x08000ec4                PendSV_Handler
 .text.SysTick_Handler
                0x08000ed2        0xc ./Core/Src/stm32f4xx_it.o
                0x08000ed2                SysTick_Handler
 *fill*         0x08000ede        0x2 
 .text.OTG_FS_IRQHandler
                0x08000ee0       0x14 ./Core/Src/stm32f4xx_it.o
                0x08000ee0                OTG_FS_IRQHandler
 .text._sbrk    0x08000ef4       0x6c ./Core/Src/sysmem.o
                0x08000ef4                _sbrk
 .text.SystemInit
                0x08000f60       0x24 ./Core/Src/system_stm32f4xx.o
                0x08000f60                SystemInit
 .text.Reset_Handler
                0x08000f84       0x50 ./Core/Startup/startup_stm32f407vgtx.o
                0x08000f84                Reset_Handler
 .text.Default_Handler
                0x08000fd4        0x2 ./Core/Startup/startup_stm32f407vgtx.o
                0x08000fd4                RTC_Alarm_IRQHandler
                0x08000fd4                HASH_RNG_IRQHandler
                0x08000fd4                EXTI2_IRQHandler
                0x08000fd4                TIM8_CC_IRQHandler
                0x08000fd4                TIM1_CC_IRQHandler
                0x08000fd4                DMA2_Stream5_IRQHandler
                0x08000fd4                DMA1_Stream5_IRQHandler
                0x08000fd4                PVD_IRQHandler
                0x08000fd4                SDIO_IRQHandler
                0x08000fd4                TAMP_STAMP_IRQHandler
                0x08000fd4                CAN2_RX1_IRQHandler
                0x08000fd4                EXTI3_IRQHandler
                0x08000fd4                TIM8_TRG_COM_TIM14_IRQHandler
                0x08000fd4                TIM1_UP_TIM10_IRQHandler
                0x08000fd4                TIM8_UP_TIM13_IRQHandler
                0x08000fd4                I2C3_ER_IRQHandler
                0x08000fd4                EXTI0_IRQHandler
                0x08000fd4                I2C2_EV_IRQHandler
                0x08000fd4                DMA1_Stream2_IRQHandler
                0x08000fd4                CAN1_RX0_IRQHandler
                0x08000fd4                FPU_IRQHandler
                0x08000fd4                OTG_HS_WKUP_IRQHandler
                0x08000fd4                CAN2_SCE_IRQHandler
                0x08000fd4                DMA2_Stream2_IRQHandler
                0x08000fd4                SPI1_IRQHandler
                0x08000fd4                TIM6_DAC_IRQHandler
                0x08000fd4                TIM1_BRK_TIM9_IRQHandler
                0x08000fd4                DCMI_IRQHandler
                0x08000fd4                CAN2_RX0_IRQHandler
                0x08000fd4                DMA2_Stream3_IRQHandler
                0x08000fd4                USART6_IRQHandler
                0x08000fd4                USART3_IRQHandler
                0x08000fd4                CAN1_RX1_IRQHandler
                0x08000fd4                UART5_IRQHandler
                0x08000fd4                DMA2_Stream0_IRQHandler
                0x08000fd4                TIM4_IRQHandler
                0x08000fd4                I2C1_EV_IRQHandler
                0x08000fd4                DMA1_Stream6_IRQHandler
                0x08000fd4                DMA1_Stream1_IRQHandler
                0x08000fd4                UART4_IRQHandler
                0x08000fd4                TIM3_IRQHandler
                0x08000fd4                RCC_IRQHandler
                0x08000fd4                TIM8_BRK_TIM12_IRQHandler
                0x08000fd4                Default_Handler
                0x08000fd4                EXTI15_10_IRQHandler
                0x08000fd4                ADC_IRQHandler
                0x08000fd4                DMA1_Stream7_IRQHandler
                0x08000fd4                TIM7_IRQHandler
                0x08000fd4                CAN2_TX_IRQHandler
                0x08000fd4                TIM5_IRQHandler
                0x08000fd4                DMA2_Stream7_IRQHandler
                0x08000fd4                I2C3_EV_IRQHandler
                0x08000fd4                EXTI9_5_IRQHandler
                0x08000fd4                RTC_WKUP_IRQHandler
                0x08000fd4                ETH_WKUP_IRQHandler
                0x08000fd4                SPI2_IRQHandler
                0x08000fd4                OTG_HS_EP1_IN_IRQHandler
                0x08000fd4                DMA1_Stream0_IRQHandler
                0x08000fd4                CAN1_TX_IRQHandler
                0x08000fd4                EXTI4_IRQHandler
                0x08000fd4                FSMC_IRQHandler
                0x08000fd4                ETH_IRQHandler
                0x08000fd4                OTG_HS_EP1_OUT_IRQHandler
                0x08000fd4                WWDG_IRQHandler
                0x08000fd4                TIM2_IRQHandler
                0x08000fd4                OTG_FS_WKUP_IRQHandler
                0x08000fd4                TIM1_TRG_COM_TIM11_IRQHandler
                0x08000fd4                OTG_HS_IRQHandler
                0x08000fd4                EXTI1_IRQHandler
                0x08000fd4                USART2_IRQHandler
                0x08000fd4                I2C2_ER_IRQHandler
                0x08000fd4                DMA2_Stream1_IRQHandler
                0x08000fd4                CAN1_SCE_IRQHandler
                0x08000fd4                FLASH_IRQHandler
                0x08000fd4                DMA2_Stream4_IRQHandler
                0x08000fd4                USART1_IRQHandler
                0x08000fd4                SPI3_IRQHandler
                0x08000fd4                DMA1_Stream4_IRQHandler
                0x08000fd4                I2C1_ER_IRQHandler
                0x08000fd4                DMA2_Stream6_IRQHandler
                0x08000fd4                DMA1_Stream3_IRQHandler
 *fill*         0x08000fd6        0x2 
 .text.HAL_Init
                0x08000fd8       0x44 ./Drivers/STM32F4xx_HAL_Driver/Src/stm32f4xx_hal.o
                0x08000fd8                HAL_Init
 .text.HAL_InitTick
                0x0800101c       0x60 ./Drivers/STM32F4xx_HAL_Driver/Src/stm32f4xx_hal.o
                0x0800101c                HAL_InitTick
 .text.HAL_IncTick
                0x0800107c       0x28 ./Drivers/STM32F4xx_HAL_Driver/Src/stm32f4xx_hal.o
                0x0800107c                HAL_IncTick
 .text.HAL_GetTick
                0x080010a4       0x18 ./Drivers/STM32F4xx_HAL_Driver/Src/stm32f4xx_hal.o
                0x080010a4                HAL_GetTick
 .text.HAL_Delay
                0x080010bc       0x48 ./Drivers/STM32F4xx_HAL_Driver/Src/stm32f4xx_hal.o
                0x080010bc                HAL_Delay
 .text.HAL_ADC_Init
                0x08001104       0x86 ./Drivers/STM32F4xx_HAL_Driver/Src/stm32f4xx_hal_adc.o
                0x08001104                HAL_ADC_Init
 *fill*         0x0800118a        0x2 
 .text.HAL_ADC_Start
                0x0800118c      0x1a4 ./Drivers/STM32F4xx_HAL_Driver/Src/stm32f4xx_hal_adc.o
                0x0800118c                HAL_ADC_Start
 .text.HAL_ADC_PollForConversion
                0x08001330      0x116 ./Drivers/STM32F4xx_HAL_Driver/Src/stm32f4xx_hal_adc.o
                0x08001330                HAL_ADC_PollForConversion
 .text.HAL_ADC_GetValue
                0x08001446       0x1a ./Drivers/STM32F4xx_HAL_Driver/Src/stm32f4xx_hal_adc.o
                0x08001446                HAL_ADC_GetValue
 .text.HAL_ADC_ConfigChannel
                0x08001460      0x244 ./Drivers/STM32F4xx_HAL_Driver/Src/stm32f4xx_hal_adc.o
                0x08001460                HAL_ADC_ConfigChannel
 .text.ADC_Init
                0x080016a4      0x1f8 ./Drivers/STM32F4xx_HAL_Driver/Src/stm32f4xx_hal_adc.o
 .text.__NVIC_SetPriorityGrouping
                0x0800189c       0x48 ./Drivers/STM32F4xx_HAL_Driver/Src/stm32f4xx_hal_cortex.o
 .text.__NVIC_GetPriorityGrouping
                0x080018e4       0x1c ./Drivers/STM32F4xx_HAL_Driver/Src/stm32f4xx_hal_cortex.o
 .text.__NVIC_EnableIRQ
                0x08001900       0x3c ./Drivers/STM32F4xx_HAL_Driver/Src/stm32f4xx_hal_cortex.o
 .text.__NVIC_SetPriority
                0x0800193c       0x54 ./Drivers/STM32F4xx_HAL_Driver/Src/stm32f4xx_hal_cortex.o
 .text.NVIC_EncodePriority
                0x08001990       0x66 ./Drivers/STM32F4xx_HAL_Driver/Src/stm32f4xx_hal_cortex.o
 *fill*         0x080019f6        0x2 
 .text.SysTick_Config
                0x080019f8       0x44 ./Drivers/STM32F4xx_HAL_Driver/Src/stm32f4xx_hal_cortex.o
 .text.HAL_NVIC_SetPriorityGrouping
                0x08001a3c       0x16 ./Drivers/STM32F4xx_HAL_Driver/Src/stm32f4xx_hal_cortex.o
                0x08001a3c                HAL_NVIC_SetPriorityGrouping
 .text.HAL_NVIC_SetPriority
                0x08001a52       0x38 ./Drivers/STM32F4xx_HAL_Driver/Src/stm32f4xx_hal_cortex.o
                0x08001a52                HAL_NVIC_SetPriority
 .text.HAL_NVIC_EnableIRQ
                0x08001a8a       0x1c ./Drivers/STM32F4xx_HAL_Driver/Src/stm32f4xx_hal_cortex.o
                0x08001a8a                HAL_NVIC_EnableIRQ
 .text.HAL_SYSTICK_Config
                0x08001aa6       0x18 ./Drivers/STM32F4xx_HAL_Driver/Src/stm32f4xx_hal_cortex.o
                0x08001aa6                HAL_SYSTICK_Config
 *fill*         0x08001abe        0x2 
 .text.HAL_GPIO_Init
                0x08001ac0      0x338 ./Drivers/STM32F4xx_HAL_Driver/Src/stm32f4xx_hal_gpio.o
                0x08001ac0                HAL_GPIO_Init
 .text.HAL_GPIO_WritePin
                0x08001df8       0x32 ./Drivers/STM32F4xx_HAL_Driver/Src/stm32f4xx_hal_gpio.o
                0x08001df8                HAL_GPIO_WritePin
 .text.HAL_HCD_Init
                0x08001e2a       0xc4 ./Drivers/STM32F4xx_HAL_Driver/Src/stm32f4xx_hal_hcd.o
                0x08001e2a                HAL_HCD_Init
 .text.HAL_HCD_HC_Init
                0x08001eee      0x11e ./Drivers/STM32F4xx_HAL_Driver/Src/stm32f4xx_hal_hcd.o
                0x08001eee                HAL_HCD_HC_Init
 .text.HAL_HCD_HC_Halt
                0x0800200c       0x46 ./Drivers/STM32F4xx_HAL_Driver/Src/stm32f4xx_hal_hcd.o
                0x0800200c                HAL_HCD_HC_Halt
 *fill*         0x08002052        0x2 
 .text.HAL_HCD_HC_SubmitRequest
                0x08002054      0x2ac ./Drivers/STM32F4xx_HAL_Driver/Src/stm32f4xx_hal_hcd.o
                0x08002054                HAL_HCD_HC_SubmitRequest
 .text.HAL_HCD_IRQHandler
                0x08002300      0x216 ./Drivers/STM32F4xx_HAL_Driver/Src/stm32f4xx_hal_hcd.o
                0x08002300                HAL_HCD_IRQHandler
 .text.HAL_HCD_Start
                0x08002516       0x46 ./Drivers/STM32F4xx_HAL_Driver/Src/stm32f4xx_hal_hcd.o
                0x08002516                HAL_HCD_Start
 .text.HAL_HCD_Stop
                0x0800255c       0x3a ./Drivers/STM32F4xx_HAL_Driver/Src/stm32f4xx_hal_hcd.o
                0x0800255c                HAL_HCD_Stop
 .text.HAL_HCD_ResetPort
                0x08002596       0x1c ./Drivers/STM32F4xx_HAL_Driver/Src/stm32f4xx_hal_hcd.o
                0x08002596                HAL_HCD_ResetPort
 .text.HAL_HCD_HC_GetURBState
                0x080025b2       0x28 ./Drivers/STM32F4xx_HAL_Driver/Src/stm32f4xx_hal_hcd.o
                0x080025b2                HAL_HCD_HC_GetURBState
 .text.HAL_HCD_HC_GetXferCount
                0x080025da       0x28 ./Drivers/STM32F4xx_HAL_Driver/Src/stm32f4xx_hal_hcd.o
                0x080025da                HAL_HCD_HC_GetXferCount
 .text.HAL_HCD_GetCurrentFrame
                0x08002602       0x1c ./Drivers/STM32F4xx_HAL_Driver/Src/stm32f4xx_hal_hcd.o
                0x08002602                HAL_HCD_GetCurrentFrame
 .text.HAL_HCD_GetCurrentSpeed
                0x0800261e       0x1c ./Drivers/STM32F4xx_HAL_Driver/Src/stm32f4xx_hal_hcd.o
                0x0800261e                HAL_HCD_GetCurrentSpeed
 .text.HCD_HC_IN_IRQHandler
                0x0800263a      0x6aa ./Drivers/STM32F4xx_HAL_Driver/Src/stm32f4xx_hal_hcd.o
 .text.HCD_HC_OUT_IRQHandler
                0x08002ce4      0x6d2 ./Drivers/STM32F4xx_HAL_Driver/Src/stm32f4xx_hal_hcd.o
 .text.HCD_RXQLVL_IRQHandler
                0x080033b6      0x1a4 ./Drivers/STM32F4xx_HAL_Driver/Src/stm32f4xx_hal_hcd.o
 .text.HCD_Port_IRQHandler
                0x0800355a       0xe6 ./Drivers/STM32F4xx_HAL_Driver/Src/stm32f4xx_hal_hcd.o
 .text.HAL_I2C_Init
                0x08003640      0x288 ./Drivers/STM32F4xx_HAL_Driver/Src/stm32f4xx_hal_i2c.o
                0x08003640                HAL_I2C_Init
 .text.HAL_I2S_Init
                0x080038c8      0x280 ./Drivers/STM32F4xx_HAL_Driver/Src/stm32f4xx_hal_i2s.o
                0x080038c8                HAL_I2S_Init
 .text.HAL_I2S_TxCpltCallback
                0x08003b48       0x14 ./Drivers/STM32F4xx_HAL_Driver/Src/stm32f4xx_hal_i2s.o
                0x08003b48                HAL_I2S_TxCpltCallback
 .text.HAL_I2S_RxCpltCallback
                0x08003b5c       0x14 ./Drivers/STM32F4xx_HAL_Driver/Src/stm32f4xx_hal_i2s.o
                0x08003b5c                HAL_I2S_RxCpltCallback
 .text.HAL_I2S_ErrorCallback
                0x08003b70       0x14 ./Drivers/STM32F4xx_HAL_Driver/Src/stm32f4xx_hal_i2s.o
                0x08003b70                HAL_I2S_ErrorCallback
 .text.I2S_Transmit_IT
                0x08003b84       0x5c ./Drivers/STM32F4xx_HAL_Driver/Src/stm32f4xx_hal_i2s.o
 .text.I2S_Receive_IT
                0x08003be0       0x5e ./Drivers/STM32F4xx_HAL_Driver/Src/stm32f4xx_hal_i2s.o
 .text.I2S_IRQHandler
                0x08003c3e      0x114 ./Drivers/STM32F4xx_HAL_Driver/Src/stm32f4xx_hal_i2s.o
 *fill*         0x08003d52        0x2 
 .text.HAL_I2SEx_FullDuplex_IRQHandler
                0x08003d54      0x2a8 ./Drivers/STM32F4xx_HAL_Driver/Src/stm32f4xx_hal_i2s_ex.o
                0x08003d54                HAL_I2SEx_FullDuplex_IRQHandler
 .text.HAL_I2SEx_TxRxCpltCallback
                0x08003ffc       0x14 ./Drivers/STM32F4xx_HAL_Driver/Src/stm32f4xx_hal_i2s_ex.o
                0x08003ffc                HAL_I2SEx_TxRxCpltCallback
 .text.I2SEx_TxISR_I2S
                0x08004010       0x62 ./Drivers/STM32F4xx_HAL_Driver/Src/stm32f4xx_hal_i2s_ex.o
 *fill*         0x08004072        0x2 
 .text.I2SEx_TxISR_I2SExt
                0x08004074       0x98 ./Drivers/STM32F4xx_HAL_Driver/Src/stm32f4xx_hal_i2s_ex.o
 .text.I2SEx_RxISR_I2S
                0x0800410c       0x64 ./Drivers/STM32F4xx_HAL_Driver/Src/stm32f4xx_hal_i2s_ex.o
 .text.I2SEx_RxISR_I2SExt
                0x08004170       0x98 ./Drivers/STM32F4xx_HAL_Driver/Src/stm32f4xx_hal_i2s_ex.o
 .text.HAL_RCC_OscConfig
                0x08004208      0x4f0 ./Drivers/STM32F4xx_HAL_Driver/Src/stm32f4xx_hal_rcc.o
                0x08004208                HAL_RCC_OscConfig
 .text.HAL_RCC_ClockConfig
                0x080046f8      0x1cc ./Drivers/STM32F4xx_HAL_Driver/Src/stm32f4xx_hal_rcc.o
                0x080046f8                HAL_RCC_ClockConfig
 .text.HAL_RCC_GetSysClockFreq
                0x080048c4      0x20c ./Drivers/STM32F4xx_HAL_Driver/Src/stm32f4xx_hal_rcc.o
                0x080048c4                HAL_RCC_GetSysClockFreq
 .text.HAL_RCC_GetHCLKFreq
                0x08004ad0       0x18 ./Drivers/STM32F4xx_HAL_Driver/Src/stm32f4xx_hal_rcc.o
                0x08004ad0                HAL_RCC_GetHCLKFreq
 .text.HAL_RCC_GetPCLK1Freq
                0x08004ae8       0x28 ./Drivers/STM32F4xx_HAL_Driver/Src/stm32f4xx_hal_rcc.o
                0x08004ae8                HAL_RCC_GetPCLK1Freq
 .text.HAL_RCC_GetPCLK2Freq
                0x08004b10       0x28 ./Drivers/STM32F4xx_HAL_Driver/Src/stm32f4xx_hal_rcc.o
                0x08004b10                HAL_RCC_GetPCLK2Freq
 .text.HAL_RCCEx_PeriphCLKConfig
                0x08004b38      0x1c4 ./Drivers/STM32F4xx_HAL_Driver/Src/stm32f4xx_hal_rcc_ex.o
                0x08004b38                HAL_RCCEx_PeriphCLKConfig
 .text.HAL_RCCEx_GetPeriphCLKFreq
                0x08004cfc       0xbc ./Drivers/STM32F4xx_HAL_Driver/Src/stm32f4xx_hal_rcc_ex.o
                0x08004cfc                HAL_RCCEx_GetPeriphCLKFreq
 .text.HAL_SPI_Init
                0x08004db8      0x112 ./Drivers/STM32F4xx_HAL_Driver/Src/stm32f4xx_hal_spi.o
                0x08004db8                HAL_SPI_Init
 .text.HAL_UART_Init
                0x08004eca       0x9a ./Drivers/STM32F4xx_HAL_Driver/Src/stm32f4xx_hal_uart.o
                0x08004eca                HAL_UART_Init
 .text.HAL_UART_Transmit
                0x08004f64      0x124 ./Drivers/STM32F4xx_HAL_Driver/Src/stm32f4xx_hal_uart.o
                0x08004f64                HAL_UART_Transmit
 .text.UART_WaitOnFlagUntilTimeout
                0x08005088       0xdc ./Drivers/STM32F4xx_HAL_Driver/Src/stm32f4xx_hal_uart.o
 .text.UART_SetConfig
                0x08005164      0x4e8 ./Drivers/STM32F4xx_HAL_Driver/Src/stm32f4xx_hal_uart.o
 .text.USB_CoreInit
                0x0800564c       0xc2 ./Drivers/STM32F4xx_HAL_Driver/Src/stm32f4xx_ll_usb.o
                0x0800564c                USB_CoreInit
 .text.USB_EnableGlobalInt
                0x0800570e       0x22 ./Drivers/STM32F4xx_HAL_Driver/Src/stm32f4xx_ll_usb.o
                0x0800570e                USB_EnableGlobalInt
 .text.USB_DisableGlobalInt
                0x08005730       0x22 ./Drivers/STM32F4xx_HAL_Driver/Src/stm32f4xx_ll_usb.o
                0x08005730                USB_DisableGlobalInt
 .text.USB_SetCurrentMode
                0x08005752       0x98 ./Drivers/STM32F4xx_HAL_Driver/Src/stm32f4xx_ll_usb.o
                0x08005752                USB_SetCurrentMode
 *fill*         0x080057ea        0x2 
 .text.USB_FlushTxFifo
                0x080057ec       0x68 ./Drivers/STM32F4xx_HAL_Driver/Src/stm32f4xx_ll_usb.o
                0x080057ec                USB_FlushTxFifo
 .text.USB_FlushRxFifo
                0x08005854       0x60 ./Drivers/STM32F4xx_HAL_Driver/Src/stm32f4xx_ll_usb.o
                0x08005854                USB_FlushRxFifo
 .text.USB_WritePacket
                0x080058b4       0x7c ./Drivers/STM32F4xx_HAL_Driver/Src/stm32f4xx_ll_usb.o
                0x080058b4                USB_WritePacket
 .text.USB_ReadPacket
                0x08005930       0xb0 ./Drivers/STM32F4xx_HAL_Driver/Src/stm32f4xx_ll_usb.o
                0x08005930                USB_ReadPacket
 .text.USB_ReadInterrupts
                0x080059e0       0x26 ./Drivers/STM32F4xx_HAL_Driver/Src/stm32f4xx_ll_usb.o
                0x080059e0                USB_ReadInterrupts
 .text.USB_GetMode
                0x08005a06       0x1c ./Drivers/STM32F4xx_HAL_Driver/Src/stm32f4xx_ll_usb.o
                0x08005a06                USB_GetMode
 *fill*         0x08005a22        0x2 
 .text.USB_CoreReset
                0x08005a24       0x68 ./Drivers/STM32F4xx_HAL_Driver/Src/stm32f4xx_ll_usb.o
 .text.USB_HostInit
                0x08005a8c      0x180 ./Drivers/STM32F4xx_HAL_Driver/Src/stm32f4xx_ll_usb.o
                0x08005a8c                USB_HostInit
 .text.USB_InitFSLSPClkSel
                0x08005c0c       0x74 ./Drivers/STM32F4xx_HAL_Driver/Src/stm32f4xx_ll_usb.o
                0x08005c0c                USB_InitFSLSPClkSel
 .text.USB_ResetPort
                0x08005c80       0x54 ./Drivers/STM32F4xx_HAL_Driver/Src/stm32f4xx_ll_usb.o
                0x08005c80                USB_ResetPort
 .text.USB_DriveVbus
                0x08005cd4       0x72 ./Drivers/STM32F4xx_HAL_Driver/Src/stm32f4xx_ll_usb.o
                0x08005cd4                USB_DriveVbus
 .text.USB_GetHostSpeed
                0x08005d46       0x2e ./Drivers/STM32F4xx_HAL_Driver/Src/stm32f4xx_ll_usb.o
                0x08005d46                USB_GetHostSpeed
 .text.USB_GetCurrentFrame
                0x08005d74       0x22 ./Drivers/STM32F4xx_HAL_Driver/Src/stm32f4xx_ll_usb.o
                0x08005d74                USB_GetCurrentFrame
 *fill*         0x08005d96        0x2 
 .text.USB_HC_Init
                0x08005d98      0x244 ./Drivers/STM32F4xx_HAL_Driver/Src/stm32f4xx_ll_usb.o
                0x08005d98                USB_HC_Init
 .text.USB_HC_StartXfer
                0x08005fdc      0x284 ./Drivers/STM32F4xx_HAL_Driver/Src/stm32f4xx_ll_usb.o
                0x08005fdc                USB_HC_StartXfer
 .text.USB_HC_ReadInterrupt
                0x08006260       0x22 ./Drivers/STM32F4xx_HAL_Driver/Src/stm32f4xx_ll_usb.o
                0x08006260                USB_HC_ReadInterrupt
 .text.USB_HC_Halt
                0x08006282      0x1f8 ./Drivers/STM32F4xx_HAL_Driver/Src/stm32f4xx_ll_usb.o
                0x08006282                USB_HC_Halt
 *fill*         0x0800647a        0x2 
 .text.USB_DoPing
                0x0800647c       0x78 ./Drivers/STM32F4xx_HAL_Driver/Src/stm32f4xx_ll_usb.o
                0x0800647c                USB_DoPing
 .text.USB_StopHost
                0x080064f4      0x124 ./Drivers/STM32F4xx_HAL_Driver/Src/stm32f4xx_ll_usb.o
                0x080064f4                USB_StopHost
 .text.USBH_CDC_InterfaceInit
                0x08006618      0x2ac ./Middlewares/ST/STM32_USB_Host_Library/Class/CDC/Src/usbh_cdc.o
 .text.USBH_CDC_InterfaceDeInit
                0x080068c4       0xb2 ./Middlewares/ST/STM32_USB_Host_Library/Class/CDC/Src/usbh_cdc.o
 .text.USBH_CDC_ClassRequest
                0x08006976       0x3e ./Middlewares/ST/STM32_USB_Host_Library/Class/CDC/Src/usbh_cdc.o
 .text.USBH_CDC_Process
                0x080069b4      0x12c ./Middlewares/ST/STM32_USB_Host_Library/Class/CDC/Src/usbh_cdc.o
 .text.USBH_CDC_SOFProcess
                0x08006ae0       0x16 ./Middlewares/ST/STM32_USB_Host_Library/Class/CDC/Src/usbh_cdc.o
 .text.GetLineCoding
                0x08006af6       0x3e ./Middlewares/ST/STM32_USB_Host_Library/Class/CDC/Src/usbh_cdc.o
 .text.SetLineCoding
                0x08006b34       0x3e ./Middlewares/ST/STM32_USB_Host_Library/Class/CDC/Src/usbh_cdc.o
 .text.CDC_ProcessTransmission
                0x08006b72       0xec ./Middlewares/ST/STM32_USB_Host_Library/Class/CDC/Src/usbh_cdc.o
 .text.CDC_ProcessReception
                0x08006c5e       0xb6 ./Middlewares/ST/STM32_USB_Host_Library/Class/CDC/Src/usbh_cdc.o
 .text.USBH_CDC_TransmitCallback
                0x08006d14       0x14 ./Middlewares/ST/STM32_USB_Host_Library/Class/CDC/Src/usbh_cdc.o
                0x08006d14                USBH_CDC_TransmitCallback
 .text.USBH_CDC_ReceiveCallback
                0x08006d28       0x14 ./Middlewares/ST/STM32_USB_Host_Library/Class/CDC/Src/usbh_cdc.o
                0x08006d28                USBH_CDC_ReceiveCallback
 .text.USBH_CDC_LineCodingChanged
                0x08006d3c       0x14 ./Middlewares/ST/STM32_USB_Host_Library/Class/CDC/Src/usbh_cdc.o
                0x08006d3c                USBH_CDC_LineCodingChanged
 .text.USBH_Init
                0x08006d50       0x74 ./Middlewares/ST/STM32_USB_Host_Library/Core/Src/usbh_core.o
                0x08006d50                USBH_Init
 .text.DeInitStateMachine
                0x08006dc4       0xa8 ./Middlewares/ST/STM32_USB_Host_Library/Core/Src/usbh_core.o
 .text.USBH_RegisterClass
                0x08006e6c       0x54 ./Middlewares/ST/STM32_USB_Host_Library/Core/Src/usbh_core.o
                0x08006e6c                USBH_RegisterClass
 .text.USBH_SelectInterface
                0x08006ec0       0x38 ./Middlewares/ST/STM32_USB_Host_Library/Core/Src/usbh_core.o
                0x08006ec0                USBH_SelectInterface
 .text.USBH_FindInterface
                0x08006ef8       0x8c ./Middlewares/ST/STM32_USB_Host_Library/Core/Src/usbh_core.o
                0x08006ef8                USBH_FindInterface
 .text.USBH_Start
                0x08006f84       0x20 ./Middlewares/ST/STM32_USB_Host_Library/Core/Src/usbh_core.o
                0x08006f84                USBH_Start
 .text.USBH_Process
                0x08006fa4      0x3d0 ./Middlewares/ST/STM32_USB_Host_Library/Core/Src/usbh_core.o
                0x08006fa4                USBH_Process
 .text.USBH_HandleEnum
                0x08007374      0x3c0 ./Middlewares/ST/STM32_USB_Host_Library/Core/Src/usbh_core.o
 .text.USBH_LL_SetTimer
                0x08007734       0x1e ./Middlewares/ST/STM32_USB_Host_Library/Core/Src/usbh_core.o
                0x08007734                USBH_LL_SetTimer
 .text.USBH_LL_IncTimer
                0x08007752       0x24 ./Middlewares/ST/STM32_USB_Host_Library/Core/Src/usbh_core.o
                0x08007752                USBH_LL_IncTimer
 .text.USBH_HandleSof
                0x08007776       0x30 ./Middlewares/ST/STM32_USB_Host_Library/Core/Src/usbh_core.o
 .text.USBH_LL_PortEnabled
                0x080077a6       0x1c ./Middlewares/ST/STM32_USB_Host_Library/Core/Src/usbh_core.o
                0x080077a6                USBH_LL_PortEnabled
 .text.USBH_LL_PortDisabled
                0x080077c2       0x1c ./Middlewares/ST/STM32_USB_Host_Library/Core/Src/usbh_core.o
                0x080077c2                USBH_LL_PortDisabled
 .text.USBH_LL_Connect
                0x080077de       0x2e ./Middlewares/ST/STM32_USB_Host_Library/Core/Src/usbh_core.o
                0x080077de                USBH_LL_Connect
 .text.USBH_LL_Disconnect
                0x0800780c       0x48 ./Middlewares/ST/STM32_USB_Host_Library/Core/Src/usbh_core.o
                0x0800780c                USBH_LL_Disconnect
 .text.USBH_Get_DevDesc
                0x08007854       0x50 ./Middlewares/ST/STM32_USB_Host_Library/Core/Src/usbh_ctlreq.o
                0x08007854                USBH_Get_DevDesc
 .text.USBH_Get_CfgDesc
                0x080078a4       0x48 ./Middlewares/ST/STM32_USB_Host_Library/Core/Src/usbh_ctlreq.o
                0x080078a4                USBH_Get_CfgDesc
 .text.USBH_Get_StringDesc
                0x080078ec       0x56 ./Middlewares/ST/STM32_USB_Host_Library/Core/Src/usbh_ctlreq.o
                0x080078ec                USBH_Get_StringDesc
 .text.USBH_GetDescriptor
                0x08007942       0x6a ./Middlewares/ST/STM32_USB_Host_Library/Core/Src/usbh_ctlreq.o
                0x08007942                USBH_GetDescriptor
 .text.USBH_SetAddress
                0x080079ac       0x48 ./Middlewares/ST/STM32_USB_Host_Library/Core/Src/usbh_ctlreq.o
                0x080079ac                USBH_SetAddress
 .text.USBH_SetCfg
                0x080079f4       0x46 ./Middlewares/ST/STM32_USB_Host_Library/Core/Src/usbh_ctlreq.o
                0x080079f4                USBH_SetCfg
 .text.USBH_SetFeature
                0x08007a3a       0x48 ./Middlewares/ST/STM32_USB_Host_Library/Core/Src/usbh_ctlreq.o
                0x08007a3a                USBH_SetFeature
 .text.USBH_ClrFeature
                0x08007a82       0x48 ./Middlewares/ST/STM32_USB_Host_Library/Core/Src/usbh_ctlreq.o
                0x08007a82                USBH_ClrFeature
 *fill*         0x08007aca        0x2 
 .text.USBH_ParseDevDesc
                0x08007acc      0x11c ./Middlewares/ST/STM32_USB_Host_Library/Core/Src/usbh_ctlreq.o
 .text.USBH_ParseCfgDesc
                0x08007be8      0x1ea ./Middlewares/ST/STM32_USB_Host_Library/Core/Src/usbh_ctlreq.o
 .text.USBH_ParseInterfaceDesc
                0x08007dd2       0x5e ./Middlewares/ST/STM32_USB_Host_Library/Core/Src/usbh_ctlreq.o
 .text.USBH_ParseEPDesc
                0x08007e30      0x144 ./Middlewares/ST/STM32_USB_Host_Library/Core/Src/usbh_ctlreq.o
 .text.USBH_ParseStringDesc
                0x08007f74       0x66 ./Middlewares/ST/STM32_USB_Host_Library/Core/Src/usbh_ctlreq.o
 .text.USBH_GetNextDesc
                0x08007fda       0x34 ./Middlewares/ST/STM32_USB_Host_Library/Core/Src/usbh_ctlreq.o
                0x08007fda                USBH_GetNextDesc
 .text.USBH_CtlReq
                0x0800800e       0x7a ./Middlewares/ST/STM32_USB_Host_Library/Core/Src/usbh_ctlreq.o
                0x0800800e                USBH_CtlReq
 .text.USBH_HandleControl
                0x08008088      0x2e8 ./Middlewares/ST/STM32_USB_Host_Library/Core/Src/usbh_ctlreq.o
 .text.USBH_CtlSendSetup
                0x08008370       0x34 ./Middlewares/ST/STM32_USB_Host_Library/Core/Src/usbh_ioreq.o
                0x08008370                USBH_CtlSendSetup
 .text.USBH_CtlSendData
                0x080083a4       0x4a ./Middlewares/ST/STM32_USB_Host_Library/Core/Src/usbh_ioreq.o
                0x080083a4                USBH_CtlSendData
 .text.USBH_CtlReceiveData
                0x080083ee       0x3c ./Middlewares/ST/STM32_USB_Host_Library/Core/Src/usbh_ioreq.o
                0x080083ee                USBH_CtlReceiveData
 .text.USBH_BulkSendData
                0x0800842a       0x4a ./Middlewares/ST/STM32_USB_Host_Library/Core/Src/usbh_ioreq.o
                0x0800842a                USBH_BulkSendData
 .text.USBH_BulkReceiveData
                0x08008474       0x3c ./Middlewares/ST/STM32_USB_Host_Library/Core/Src/usbh_ioreq.o
                0x08008474                USBH_BulkReceiveData
 .text.USBH_OpenPipe
                0x080084b0       0x3e ./Middlewares/ST/STM32_USB_Host_Library/Core/Src/usbh_pipes.o
                0x080084b0                USBH_OpenPipe
 .text.USBH_ClosePipe
                0x080084ee       0x20 ./Middlewares/ST/STM32_USB_Host_Library/Core/Src/usbh_pipes.o
                0x080084ee                USBH_ClosePipe
 .text.USBH_AllocPipe
                0x0800850e       0x42 ./Middlewares/ST/STM32_USB_Host_Library/Core/Src/usbh_pipes.o
                0x0800850e                USBH_AllocPipe
 .text.USBH_FreePipe
                0x08008550       0x3c ./Middlewares/ST/STM32_USB_Host_Library/Core/Src/usbh_pipes.o
                0x08008550                USBH_FreePipe
 .text.USBH_GetFreePipe
                0x0800858c       0x48 ./Middlewares/ST/STM32_USB_Host_Library/Core/Src/usbh_pipes.o
 .text.MX_USB_HOST_Init
                0x080085d4       0x4c ./USB_HOST/App/usb_host.o
                0x080085d4                MX_USB_HOST_Init
 .text.MX_USB_HOST_Process
                0x08008620       0x14 ./USB_HOST/App/usb_host.o
                0x08008620                MX_USB_HOST_Process
 .text.USBH_UserProcess
                0x08008634       0x5c ./USB_HOST/App/usb_host.o
 .text.HAL_HCD_MspInit
                0x08008690       0xc4 ./USB_HOST/Target/usbh_conf.o
                0x08008690                HAL_HCD_MspInit
 .text.HAL_HCD_SOF_Callback
                0x08008754       0x1c ./USB_HOST/Target/usbh_conf.o
                0x08008754                HAL_HCD_SOF_Callback
 .text.HAL_HCD_Connect_Callback
                0x08008770       0x1c ./USB_HOST/Target/usbh_conf.o
                0x08008770                HAL_HCD_Connect_Callback
 .text.HAL_HCD_Disconnect_Callback
                0x0800878c       0x1c ./USB_HOST/Target/usbh_conf.o
                0x0800878c                HAL_HCD_Disconnect_Callback
 .text.HAL_HCD_HC_NotifyURBChange_Callback
                0x080087a8       0x1c ./USB_HOST/Target/usbh_conf.o
                0x080087a8                HAL_HCD_HC_NotifyURBChange_Callback
 .text.HAL_HCD_PortEnabled_Callback
                0x080087c4       0x1c ./USB_HOST/Target/usbh_conf.o
                0x080087c4                HAL_HCD_PortEnabled_Callback
 .text.HAL_HCD_PortDisabled_Callback
                0x080087e0       0x1c ./USB_HOST/Target/usbh_conf.o
                0x080087e0                HAL_HCD_PortDisabled_Callback
 .text.USBH_LL_Init
                0x080087fc       0x78 ./USB_HOST/Target/usbh_conf.o
                0x080087fc                USBH_LL_Init
 .text.USBH_LL_Start
                0x08008874       0x36 ./USB_HOST/Target/usbh_conf.o
                0x08008874                USBH_LL_Start
 .text.USBH_LL_Stop
                0x080088aa       0x36 ./USB_HOST/Target/usbh_conf.o
                0x080088aa                USBH_LL_Stop
 .text.USBH_LL_GetSpeed
                0x080088e0       0x4e ./USB_HOST/Target/usbh_conf.o
                0x080088e0                USBH_LL_GetSpeed
 .text.USBH_LL_ResetPort
                0x0800892e       0x36 ./USB_HOST/Target/usbh_conf.o
                0x0800892e                USBH_LL_ResetPort
 .text.USBH_LL_GetLastXferSize
                0x08008964       0x26 ./USB_HOST/Target/usbh_conf.o
                0x08008964                USBH_LL_GetLastXferSize
 .text.USBH_LL_OpenPipe
                0x0800898a       0x5e ./USB_HOST/Target/usbh_conf.o
                0x0800898a                USBH_LL_OpenPipe
 .text.USBH_LL_ClosePipe
                0x080089e8       0x3e ./USB_HOST/Target/usbh_conf.o
                0x080089e8                USBH_LL_ClosePipe
 .text.USBH_LL_SubmitURB
                0x08008a26       0x62 ./USB_HOST/Target/usbh_conf.o
                0x08008a26                USBH_LL_SubmitURB
 .text.USBH_LL_GetURBState
                0x08008a88       0x26 ./USB_HOST/Target/usbh_conf.o
                0x08008a88                USBH_LL_GetURBState
 .text.USBH_LL_DriverVBUS
                0x08008aae       0x2e ./USB_HOST/Target/usbh_conf.o
                0x08008aae                USBH_LL_DriverVBUS
 .text.USBH_LL_SetToggle
                0x08008adc       0x60 ./USB_HOST/Target/usbh_conf.o
                0x08008adc                USBH_LL_SetToggle
 .text.USBH_Delay
                0x08008b3c       0x16 ./USB_HOST/Target/usbh_conf.o
                0x08008b3c                USBH_Delay
 *fill*         0x08008b52        0x2 
 .text.USBH_Get_USB_Status
                0x08008b54       0x58 ./USB_HOST/Target/usbh_conf.o
                0x08008b54                USBH_Get_USB_Status
 .text.MX_DriverVbusFS
                0x08008bac       0x38 ./USB_HOST/Target/usbh_platform.o
                0x08008bac                MX_DriverVbusFS
 .text.malloc   0x08008be4       0x10 /opt/st/stm32cubeide_1.17.0/plugins/com.st.stm32cube.ide.mcu.externaltools.gnu-tools-for-stm32.12.3.rel1.linux64_1.1.0.202410170702/tools/bin/../lib/gcc/arm-none-eabi/12.3.1/../../../../arm-none-eabi/lib/thumb/v7e-m+fp/hard/libc_nano.a(libc_a-malloc.o)
                0x08008be4                malloc
 .text.free     0x08008bf4       0x10 /opt/st/stm32cubeide_1.17.0/plugins/com.st.stm32cube.ide.mcu.externaltools.gnu-tools-for-stm32.12.3.rel1.linux64_1.1.0.202410170702/tools/bin/../lib/gcc/arm-none-eabi/12.3.1/../../../../arm-none-eabi/lib/thumb/v7e-m+fp/hard/libc_nano.a(libc_a-malloc.o)
                0x08008bf4                free
 .text.sbrk_aligned
                0x08008c04       0x44 /opt/st/stm32cubeide_1.17.0/plugins/com.st.stm32cube.ide.mcu.externaltools.gnu-tools-for-stm32.12.3.rel1.linux64_1.1.0.202410170702/tools/bin/../lib/gcc/arm-none-eabi/12.3.1/../../../../arm-none-eabi/lib/thumb/v7e-m+fp/hard/libc_nano.a(libc_a-mallocr.o)
 .text._malloc_r
                0x08008c48      0x100 /opt/st/stm32cubeide_1.17.0/plugins/com.st.stm32cube.ide.mcu.externaltools.gnu-tools-for-stm32.12.3.rel1.linux64_1.1.0.202410170702/tools/bin/../lib/gcc/arm-none-eabi/12.3.1/../../../../arm-none-eabi/lib/thumb/v7e-m+fp/hard/libc_nano.a(libc_a-mallocr.o)
                0x08008c48                _malloc_r
 .text.__malloc_lock
                0x08008d48        0xc /opt/st/stm32cubeide_1.17.0/plugins/com.st.stm32cube.ide.mcu.externaltools.gnu-tools-for-stm32.12.3.rel1.linux64_1.1.0.202410170702/tools/bin/../lib/gcc/arm-none-eabi/12.3.1/../../../../arm-none-eabi/lib/thumb/v7e-m+fp/hard/libc_nano.a(libc_a-mlock.o)
                0x08008d48                __malloc_lock
 .text.__malloc_unlock
                0x08008d54        0xc /opt/st/stm32cubeide_1.17.0/plugins/com.st.stm32cube.ide.mcu.externaltools.gnu-tools-for-stm32.12.3.rel1.linux64_1.1.0.202410170702/tools/bin/../lib/gcc/arm-none-eabi/12.3.1/../../../../arm-none-eabi/lib/thumb/v7e-m+fp/hard/libc_nano.a(libc_a-mlock.o)
                0x08008d54                __malloc_unlock
 .text.sprintf  0x08008d60       0x40 /opt/st/stm32cubeide_1.17.0/plugins/com.st.stm32cube.ide.mcu.externaltools.gnu-tools-for-stm32.12.3.rel1.linux64_1.1.0.202410170702/tools/bin/../lib/gcc/arm-none-eabi/12.3.1/../../../../arm-none-eabi/lib/thumb/v7e-m+fp/hard/libc_nano.a(libc_a-sprintf.o)
                0x08008d60                sprintf
                0x08008d60                siprintf
 .text.memset   0x08008da0       0x10 /opt/st/stm32cubeide_1.17.0/plugins/com.st.stm32cube.ide.mcu.externaltools.gnu-tools-for-stm32.12.3.rel1.linux64_1.1.0.202410170702/tools/bin/../lib/gcc/arm-none-eabi/12.3.1/../../../../arm-none-eabi/lib/thumb/v7e-m+fp/hard/libc_nano.a(libc_a-memset.o)
                0x08008da0                memset
 .text._sbrk_r  0x08008db0       0x20 /opt/st/stm32cubeide_1.17.0/plugins/com.st.stm32cube.ide.mcu.externaltools.gnu-tools-for-stm32.12.3.rel1.linux64_1.1.0.202410170702/tools/bin/../lib/gcc/arm-none-eabi/12.3.1/../../../../arm-none-eabi/lib/thumb/v7e-m+fp/hard/libc_nano.a(libc_a-sbrkr.o)
                0x08008db0                _sbrk_r
 .text.__errno  0x08008dd0        0xc /opt/st/stm32cubeide_1.17.0/plugins/com.st.stm32cube.ide.mcu.externaltools.gnu-tools-for-stm32.12.3.rel1.linux64_1.1.0.202410170702/tools/bin/../lib/gcc/arm-none-eabi/12.3.1/../../../../arm-none-eabi/lib/thumb/v7e-m+fp/hard/libc_nano.a(libc_a-errno.o)
                0x08008dd0                __errno
 .text.__libc_init_array
                0x08008ddc       0x48 /opt/st/stm32cubeide_1.17.0/plugins/com.st.stm32cube.ide.mcu.externaltools.gnu-tools-for-stm32.12.3.rel1.linux64_1.1.0.202410170702/tools/bin/../lib/gcc/arm-none-eabi/12.3.1/../../../../arm-none-eabi/lib/thumb/v7e-m+fp/hard/libc_nano.a(libc_a-init.o)
                0x08008ddc                __libc_init_array
 .text.__retarget_lock_acquire_recursive
                0x08008e24        0x2 /opt/st/stm32cubeide_1.17.0/plugins/com.st.stm32cube.ide.mcu.externaltools.gnu-tools-for-stm32.12.3.rel1.linux64_1.1.0.202410170702/tools/bin/../lib/gcc/arm-none-eabi/12.3.1/../../../../arm-none-eabi/lib/thumb/v7e-m+fp/hard/libc_nano.a(libc_a-lock.o)
                0x08008e24                __retarget_lock_acquire_recursive
 .text.__retarget_lock_release_recursive
                0x08008e26        0x2 /opt/st/stm32cubeide_1.17.0/plugins/com.st.stm32cube.ide.mcu.externaltools.gnu-tools-for-stm32.12.3.rel1.linux64_1.1.0.202410170702/tools/bin/../lib/gcc/arm-none-eabi/12.3.1/../../../../arm-none-eabi/lib/thumb/v7e-m+fp/hard/libc_nano.a(libc_a-lock.o)
                0x08008e26                __retarget_lock_release_recursive
 .text._free_r  0x08008e28       0x94 /opt/st/stm32cubeide_1.17.0/plugins/com.st.stm32cube.ide.mcu.externaltools.gnu-tools-for-stm32.12.3.rel1.linux64_1.1.0.202410170702/tools/bin/../lib/gcc/arm-none-eabi/12.3.1/../../../../arm-none-eabi/lib/thumb/v7e-m+fp/hard/libc_nano.a(libc_a-freer.o)
                0x08008e28                _free_r
 .text.__ssputs_r
                0x08008ebc       0xb6 /opt/st/stm32cubeide_1.17.0/plugins/com.st.stm32cube.ide.mcu.externaltools.gnu-tools-for-stm32.12.3.rel1.linux64_1.1.0.202410170702/tools/bin/../lib/gcc/arm-none-eabi/12.3.1/../../../../arm-none-eabi/lib/thumb/v7e-m+fp/hard/libc_nano.a(libc_a-nano-svfprintf.o)
                0x08008ebc                __ssputs_r
 *fill*         0x08008f72        0x2 
 .text._svfprintf_r
                0x08008f74      0x1f8 /opt/st/stm32cubeide_1.17.0/plugins/com.st.stm32cube.ide.mcu.externaltools.gnu-tools-for-stm32.12.3.rel1.linux64_1.1.0.202410170702/tools/bin/../lib/gcc/arm-none-eabi/12.3.1/../../../../arm-none-eabi/lib/thumb/v7e-m+fp/hard/libc_nano.a(libc_a-nano-svfprintf.o)
                0x08008f74                _svfprintf_r
                0x08008f74                _svfiprintf_r
 .text._printf_common
                0x0800916c       0xda /opt/st/stm32cubeide_1.17.0/plugins/com.st.stm32cube.ide.mcu.externaltools.gnu-tools-for-stm32.12.3.rel1.linux64_1.1.0.202410170702/tools/bin/../lib/gcc/arm-none-eabi/12.3.1/../../../../arm-none-eabi/lib/thumb/v7e-m+fp/hard/libc_nano.a(libc_a-nano-vfprintf_i.o)
                0x0800916c                _printf_common
 *fill*         0x08009246        0x2 
 .text._printf_i
                0x08009248      0x240 /opt/st/stm32cubeide_1.17.0/plugins/com.st.stm32cube.ide.mcu.externaltools.gnu-tools-for-stm32.12.3.rel1.linux64_1.1.0.202410170702/tools/bin/../lib/gcc/arm-none-eabi/12.3.1/../../../../arm-none-eabi/lib/thumb/v7e-m+fp/hard/libc_nano.a(libc_a-nano-vfprintf_i.o)
                0x08009248                _printf_i
 .text.memmove  0x08009488       0x34 /opt/st/stm32cubeide_1.17.0/plugins/com.st.stm32cube.ide.mcu.externaltools.gnu-tools-for-stm32.12.3.rel1.linux64_1.1.0.202410170702/tools/bin/../lib/gcc/arm-none-eabi/12.3.1/../../../../arm-none-eabi/lib/thumb/v7e-m+fp/hard/libc_nano.a(libc_a-memmove.o)
                0x08009488                memmove
 .text.memcpy   0x080094bc       0x1c /opt/st/stm32cubeide_1.17.0/plugins/com.st.stm32cube.ide.mcu.externaltools.gnu-tools-for-stm32.12.3.rel1.linux64_1.1.0.202410170702/tools/bin/../lib/gcc/arm-none-eabi/12.3.1/../../../../arm-none-eabi/lib/thumb/v7e-m+fp/hard/libc_nano.a(libc_a-memcpy-stub.o)
                0x080094bc                memcpy
 .text._realloc_r
                0x080094d8       0x5c /opt/st/stm32cubeide_1.17.0/plugins/com.st.stm32cube.ide.mcu.externaltools.gnu-tools-for-stm32.12.3.rel1.linux64_1.1.0.202410170702/tools/bin/../lib/gcc/arm-none-eabi/12.3.1/../../../../arm-none-eabi/lib/thumb/v7e-m+fp/hard/libc_nano.a(libc_a-reallocr.o)
                0x080094d8                _realloc_r
 .text._malloc_usable_size_r
                0x08009534       0x10 /opt/st/stm32cubeide_1.17.0/plugins/com.st.stm32cube.ide.mcu.externaltools.gnu-tools-for-stm32.12.3.rel1.linux64_1.1.0.202410170702/tools/bin/../lib/gcc/arm-none-eabi/12.3.1/../../../../arm-none-eabi/lib/thumb/v7e-m+fp/hard/libc_nano.a(libc_a-msizer.o)
                0x08009534                _malloc_usable_size_r
 *(.glue_7)
 .glue_7        0x08009544        0x0 linker stubs
 *(.glue_7t)
 .glue_7t       0x08009544        0x0 linker stubs
 *(.eh_frame)
 .eh_frame      0x08009544        0x0 /opt/st/stm32cubeide_1.17.0/plugins/com.st.stm32cube.ide.mcu.externaltools.gnu-tools-for-stm32.12.3.rel1.linux64_1.1.0.202410170702/tools/bin/../lib/gcc/arm-none-eabi/12.3.1/thumb/v7e-m+fp/hard/crtbegin.o
 *(.init)
 .init          0x08009544        0x4 /opt/st/stm32cubeide_1.17.0/plugins/com.st.stm32cube.ide.mcu.externaltools.gnu-tools-for-stm32.12.3.rel1.linux64_1.1.0.202410170702/tools/bin/../lib/gcc/arm-none-eabi/12.3.1/thumb/v7e-m+fp/hard/crti.o
                0x08009544                _init
 .init          0x08009548        0x8 /opt/st/stm32cubeide_1.17.0/plugins/com.st.stm32cube.ide.mcu.externaltools.gnu-tools-for-stm32.12.3.rel1.linux64_1.1.0.202410170702/tools/bin/../lib/gcc/arm-none-eabi/12.3.1/thumb/v7e-m+fp/hard/crtn.o
 *(.fini)
 .fini          0x08009550        0x4 /opt/st/stm32cubeide_1.17.0/plugins/com.st.stm32cube.ide.mcu.externaltools.gnu-tools-for-stm32.12.3.rel1.linux64_1.1.0.202410170702/tools/bin/../lib/gcc/arm-none-eabi/12.3.1/thumb/v7e-m+fp/hard/crti.o
                0x08009550                _fini
 .fini          0x08009554        0x8 /opt/st/stm32cubeide_1.17.0/plugins/com.st.stm32cube.ide.mcu.externaltools.gnu-tools-for-stm32.12.3.rel1.linux64_1.1.0.202410170702/tools/bin/../lib/gcc/arm-none-eabi/12.3.1/thumb/v7e-m+fp/hard/crtn.o
                0x0800955c                        . = ALIGN (0x4)
                0x0800955c                        _etext = .

.vfp11_veneer   0x0800955c        0x0
 .vfp11_veneer  0x0800955c        0x0 linker stubs

.v4_bx          0x0800955c        0x0
 .v4_bx         0x0800955c        0x0 linker stubs

.iplt           0x0800955c        0x0
 .iplt          0x0800955c        0x0 /opt/st/stm32cubeide_1.17.0/plugins/com.st.stm32cube.ide.mcu.externaltools.gnu-tools-for-stm32.12.3.rel1.linux64_1.1.0.202410170702/tools/bin/../lib/gcc/arm-none-eabi/12.3.1/thumb/v7e-m+fp/hard/crtbegin.o

.rodata         0x0800955c       0x60
                0x0800955c                        . = ALIGN (0x4)
 *(.rodata)
 .rodata        0x0800955c       0x10 ./Core/Src/main.o
 .rodata        0x0800956c        0x4 ./Middlewares/ST/STM32_USB_Host_Library/Class/CDC/Src/usbh_cdc.o
 *(.rodata*)
 .rodata.AHBPrescTable
                0x08009570       0x10 ./Core/Src/system_stm32f4xx.o
                0x08009570                AHBPrescTable
 .rodata.APBPrescTable
                0x08009580        0x8 ./Core/Src/system_stm32f4xx.o
                0x08009580                APBPrescTable
 .rodata._svfprintf_r.str1.1
                0x08009588       0x11 /opt/st/stm32cubeide_1.17.0/plugins/com.st.stm32cube.ide.mcu.externaltools.gnu-tools-for-stm32.12.3.rel1.linux64_1.1.0.202410170702/tools/bin/../lib/gcc/arm-none-eabi/12.3.1/../../../../arm-none-eabi/lib/thumb/v7e-m+fp/hard/libc_nano.a(libc_a-nano-svfprintf.o)
 .rodata._printf_i.str1.1
                0x08009599       0x22 /opt/st/stm32cubeide_1.17.0/plugins/com.st.stm32cube.ide.mcu.externaltools.gnu-tools-for-stm32.12.3.rel1.linux64_1.1.0.202410170702/tools/bin/../lib/gcc/arm-none-eabi/12.3.1/../../../../arm-none-eabi/lib/thumb/v7e-m+fp/hard/libc_nano.a(libc_a-nano-vfprintf_i.o)
                0x080095bc                        . = ALIGN (0x4)
 *fill*         0x080095bb        0x1 

.ARM.extab      0x080095bc        0x0
                0x080095bc                        . = ALIGN (0x4)
 *(.ARM.extab* .gnu.linkonce.armextab.*)
                0x080095bc                        . = ALIGN (0x4)

.ARM            0x080095bc        0x8
                0x080095bc                        . = ALIGN (0x4)
                0x080095bc                        __exidx_start = .
 *(.ARM.exidx*)
 .ARM.exidx     0x080095bc        0x8 /opt/st/stm32cubeide_1.17.0/plugins/com.st.stm32cube.ide.mcu.externaltools.gnu-tools-for-stm32.12.3.rel1.linux64_1.1.0.202410170702/tools/bin/../lib/gcc/arm-none-eabi/12.3.1/../../../../arm-none-eabi/lib/thumb/v7e-m+fp/hard/libc_nano.a(libc_a-strlen.o)
 .ARM.exidx     0x080095c4        0x0 /opt/st/stm32cubeide_1.17.0/plugins/com.st.stm32cube.ide.mcu.externaltools.gnu-tools-for-stm32.12.3.rel1.linux64_1.1.0.202410170702/tools/bin/../lib/gcc/arm-none-eabi/12.3.1/../../../../arm-none-eabi/lib/thumb/v7e-m+fp/hard/libc_nano.a(libc_a-memchr.o)
                                  0x8 (size before relaxing)
 .ARM.exidx     0x080095c4        0x0 /opt/st/stm32cubeide_1.17.0/plugins/com.st.stm32cube.ide.mcu.externaltools.gnu-tools-for-stm32.12.3.rel1.linux64_1.1.0.202410170702/tools/bin/../lib/gcc/arm-none-eabi/12.3.1/thumb/v7e-m+fp/hard/libgcc.a(_udivmoddi4.o)
                                  0x8 (size before relaxing)
                0x080095c4                        __exidx_end = .
                0x080095c4                        . = ALIGN (0x4)

.rel.dyn        0x080095c4        0x0
 .rel.iplt      0x080095c4        0x0 /opt/st/stm32cubeide_1.17.0/plugins/com.st.stm32cube.ide.mcu.externaltools.gnu-tools-for-stm32.12.3.rel1.linux64_1.1.0.202410170702/tools/bin/../lib/gcc/arm-none-eabi/12.3.1/thumb/v7e-m+fp/hard/crtbegin.o

.preinit_array  0x080095c4        0x0
                0x080095c4                        . = ALIGN (0x4)
                0x080095c4                        PROVIDE (__preinit_array_start = .)
 *(.preinit_array*)
                0x080095c4                        PROVIDE (__preinit_array_end = .)
                0x080095c4                        . = ALIGN (0x4)

.init_array     0x080095c4        0x4
                0x080095c4                        . = ALIGN (0x4)
                0x080095c4                        PROVIDE (__init_array_start = .)
 *(SORT_BY_NAME(.init_array.*))
 *(.init_array*)
 .init_array    0x080095c4        0x4 /opt/st/stm32cubeide_1.17.0/plugins/com.st.stm32cube.ide.mcu.externaltools.gnu-tools-for-stm32.12.3.rel1.linux64_1.1.0.202410170702/tools/bin/../lib/gcc/arm-none-eabi/12.3.1/thumb/v7e-m+fp/hard/crtbegin.o
                0x080095c8                        PROVIDE (__init_array_end = .)
                0x080095c8                        . = ALIGN (0x4)

.fini_array     0x080095c8        0x4
                0x080095c8                        . = ALIGN (0x4)
                [!provide]                        PROVIDE (__fini_array_start = .)
 *(SORT_BY_NAME(.fini_array.*))
 *(.fini_array*)
 .fini_array    0x080095c8        0x4 /opt/st/stm32cubeide_1.17.0/plugins/com.st.stm32cube.ide.mcu.externaltools.gnu-tools-for-stm32.12.3.rel1.linux64_1.1.0.202410170702/tools/bin/../lib/gcc/arm-none-eabi/12.3.1/thumb/v7e-m+fp/hard/crtbegin.o
                [!provide]                        PROVIDE (__fini_array_end = .)
                0x080095cc                        . = ALIGN (0x4)
                0x080095cc                        _sidata = LOADADDR (.data)

.data           0x20000000       0x7c load address 0x080095cc
                0x20000000                        . = ALIGN (0x4)
                0x20000000                        _sdata = .
 *(.data)
 *(.data*)
 .data.SystemCoreClock
                0x20000000        0x4 ./Core/Src/system_stm32f4xx.o
                0x20000000                SystemCoreClock
 .data.uwTickPrio
                0x20000004        0x4 ./Drivers/STM32F4xx_HAL_Driver/Src/stm32f4xx_hal.o
                0x20000004                uwTickPrio
 .data.uwTickFreq
                0x20000008        0x1 ./Drivers/STM32F4xx_HAL_Driver/Src/stm32f4xx_hal.o
                0x20000008                uwTickFreq
 *fill*         0x20000009        0x3 
 .data.CDC_Class
                0x2000000c       0x20 ./Middlewares/ST/STM32_USB_Host_Library/Class/CDC/Src/usbh_cdc.o
                0x2000000c                CDC_Class
 .data._impure_ptr
                0x2000002c        0x4 /opt/st/stm32cubeide_1.17.0/plugins/com.st.stm32cube.ide.mcu.externaltools.gnu-tools-for-stm32.12.3.rel1.linux64_1.1.0.202410170702/tools/bin/../lib/gcc/arm-none-eabi/12.3.1/../../../../arm-none-eabi/lib/thumb/v7e-m+fp/hard/libc_nano.a(libc_a-impure.o)
                0x2000002c                _impure_ptr
 .data._impure_data
                0x20000030       0x4c /opt/st/stm32cubeide_1.17.0/plugins/com.st.stm32cube.ide.mcu.externaltools.gnu-tools-for-stm32.12.3.rel1.linux64_1.1.0.202410170702/tools/bin/../lib/gcc/arm-none-eabi/12.3.1/../../../../arm-none-eabi/lib/thumb/v7e-m+fp/hard/libc_nano.a(libc_a-impure.o)
                0x20000030                _impure_data
 *(.RamFunc)
 *(.RamFunc*)
                0x2000007c                        . = ALIGN (0x4)
                0x2000007c                        _edata = .
                0x08009648                        _siccmram = LOADADDR (.ccmram)

.igot.plt       0x2000007c        0x0 load address 0x08009648
 .igot.plt      0x2000007c        0x0 /opt/st/stm32cubeide_1.17.0/plugins/com.st.stm32cube.ide.mcu.externaltools.gnu-tools-for-stm32.12.3.rel1.linux64_1.1.0.202410170702/tools/bin/../lib/gcc/arm-none-eabi/12.3.1/thumb/v7e-m+fp/hard/crtbegin.o

.ccmram         0x10000000        0x0 load address 0x08009648
                0x10000000                        . = ALIGN (0x4)
                0x10000000                        _sccmram = .
 *(.ccmram)
 *(.ccmram*)
                0x10000000                        . = ALIGN (0x4)
                0x10000000                        _eccmram = .
                0x10000000                        . = ALIGN (0x4)

.bss            0x2000007c      0x9e4
                0x2000007c                        _sbss = .
                0x2000007c                        __bss_start__ = _sbss
 *(.bss)
 .bss           0x2000007c       0x1c /opt/st/stm32cubeide_1.17.0/plugins/com.st.stm32cube.ide.mcu.externaltools.gnu-tools-for-stm32.12.3.rel1.linux64_1.1.0.202410170702/tools/bin/../lib/gcc/arm-none-eabi/12.3.1/thumb/v7e-m+fp/hard/crtbegin.o
 *(.bss*)
 .bss.hadc1     0x20000098       0x48 ./Core/Src/main.o
                0x20000098                hadc1
 .bss.hi2c1     0x200000e0       0x54 ./Core/Src/main.o
                0x200000e0                hi2c1
 .bss.hi2s3     0x20000134       0x48 ./Core/Src/main.o
                0x20000134                hi2s3
 .bss.hspi1     0x2000017c       0x58 ./Core/Src/main.o
                0x2000017c                hspi1
 .bss.huart2    0x200001d4       0x44 ./Core/Src/main.o
                0x200001d4                huart2
 .bss.pot       0x20000218        0x2 ./Core/Src/main.o
                0x20000218                pot
 *fill*         0x2000021a        0x2 
 .bss.msg       0x2000021c       0x14 ./Core/Src/main.o
                0x2000021c                msg
 .bss.__sbrk_heap_end
                0x20000230        0x4 ./Core/Src/sysmem.o
 .bss.uwTick    0x20000234        0x4 ./Drivers/STM32F4xx_HAL_Driver/Src/stm32f4xx_hal.o
                0x20000234                uwTick
 .bss.hUsbHostFS
                0x20000238      0x3d8 ./USB_HOST/App/usb_host.o
                0x20000238                hUsbHostFS
 .bss.Appli_state
                0x20000610        0x1 ./USB_HOST/App/usb_host.o
                0x20000610                Appli_state
 *fill*         0x20000611        0x3 
 .bss.hhcd_USB_OTG_FS
                0x20000614      0x304 ./USB_HOST/Target/usbh_conf.o
                0x20000614                hhcd_USB_OTG_FS
 .bss.__malloc_sbrk_start
                0x20000918        0x4 /opt/st/stm32cubeide_1.17.0/plugins/com.st.stm32cube.ide.mcu.externaltools.gnu-tools-for-stm32.12.3.rel1.linux64_1.1.0.202410170702/tools/bin/../lib/gcc/arm-none-eabi/12.3.1/../../../../arm-none-eabi/lib/thumb/v7e-m+fp/hard/libc_nano.a(libc_a-mallocr.o)
                0x20000918                __malloc_sbrk_start
 .bss.__malloc_free_list
                0x2000091c        0x4 /opt/st/stm32cubeide_1.17.0/plugins/com.st.stm32cube.ide.mcu.externaltools.gnu-tools-for-stm32.12.3.rel1.linux64_1.1.0.202410170702/tools/bin/../lib/gcc/arm-none-eabi/12.3.1/../../../../arm-none-eabi/lib/thumb/v7e-m+fp/hard/libc_nano.a(libc_a-mallocr.o)
                0x2000091c                __malloc_free_list
 .bss.__sf      0x20000920      0x138 /opt/st/stm32cubeide_1.17.0/plugins/com.st.stm32cube.ide.mcu.externaltools.gnu-tools-for-stm32.12.3.rel1.linux64_1.1.0.202410170702/tools/bin/../lib/gcc/arm-none-eabi/12.3.1/../../../../arm-none-eabi/lib/thumb/v7e-m+fp/hard/libc_nano.a(libc_a-findfp.o)
                0x20000920                __sf
 .bss.errno     0x20000a58        0x4 /opt/st/stm32cubeide_1.17.0/plugins/com.st.stm32cube.ide.mcu.externaltools.gnu-tools-for-stm32.12.3.rel1.linux64_1.1.0.202410170702/tools/bin/../lib/gcc/arm-none-eabi/12.3.1/../../../../arm-none-eabi/lib/thumb/v7e-m+fp/hard/libc_nano.a(libc_a-reent.o)
                0x20000a58                errno
 .bss.__lock___malloc_recursive_mutex
                0x20000a5c        0x1 /opt/st/stm32cubeide_1.17.0/plugins/com.st.stm32cube.ide.mcu.externaltools.gnu-tools-for-stm32.12.3.rel1.linux64_1.1.0.202410170702/tools/bin/../lib/gcc/arm-none-eabi/12.3.1/../../../../arm-none-eabi/lib/thumb/v7e-m+fp/hard/libc_nano.a(libc_a-lock.o)
                0x20000a5c                __lock___malloc_recursive_mutex
 *(COMMON)
                0x20000a60                        . = ALIGN (0x4)
 *fill*         0x20000a5d        0x3 
                0x20000a60                        _ebss = .
                0x20000a60                        __bss_end__ = _ebss

._user_heap_stack
                0x20000a60      0x600
                0x20000a60                        . = ALIGN (0x8)
                [!provide]                        PROVIDE (end = .)
                0x20000a60                        PROVIDE (_end = .)
                0x20000c60                        . = (. + _Min_Heap_Size)
 *fill*         0x20000a60      0x200 
                0x20001060                        . = (. + _Min_Stack_Size)
 *fill*         0x20000c60      0x400 
                0x20001060                        . = ALIGN (0x8)

/DISCARD/
 libc.a(*)
 libm.a(*)
 libgcc.a(*)

.ARM.attributes
                0x00000000       0x30
 *(.ARM.attributes)
 .ARM.attributes
                0x00000000       0x22 /opt/st/stm32cubeide_1.17.0/plugins/com.st.stm32cube.ide.mcu.externaltools.gnu-tools-for-stm32.12.3.rel1.linux64_1.1.0.202410170702/tools/bin/../lib/gcc/arm-none-eabi/12.3.1/thumb/v7e-m+fp/hard/crti.o
 .ARM.attributes
                0x00000022       0x34 /opt/st/stm32cubeide_1.17.0/plugins/com.st.stm32cube.ide.mcu.externaltools.gnu-tools-for-stm32.12.3.rel1.linux64_1.1.0.202410170702/tools/bin/../lib/gcc/arm-none-eabi/12.3.1/thumb/v7e-m+fp/hard/crtbegin.o
 .ARM.attributes
                0x00000056       0x34 ./Core/Src/main.o
 .ARM.attributes
                0x0000008a       0x34 ./Core/Src/stm32f4xx_hal_msp.o
 .ARM.attributes
                0x000000be       0x34 ./Core/Src/stm32f4xx_it.o
 .ARM.attributes
                0x000000f2       0x34 ./Core/Src/sysmem.o
 .ARM.attributes
                0x00000126       0x34 ./Core/Src/system_stm32f4xx.o
 .ARM.attributes
                0x0000015a       0x21 ./Core/Startup/startup_stm32f407vgtx.o
 .ARM.attributes
                0x0000017b       0x34 ./Drivers/STM32F4xx_HAL_Driver/Src/stm32f4xx_hal.o
 .ARM.attributes
                0x000001af       0x34 ./Drivers/STM32F4xx_HAL_Driver/Src/stm32f4xx_hal_adc.o
 .ARM.attributes
                0x000001e3       0x34 ./Drivers/STM32F4xx_HAL_Driver/Src/stm32f4xx_hal_cortex.o
 .ARM.attributes
                0x00000217       0x34 ./Drivers/STM32F4xx_HAL_Driver/Src/stm32f4xx_hal_gpio.o
 .ARM.attributes
                0x0000024b       0x34 ./Drivers/STM32F4xx_HAL_Driver/Src/stm32f4xx_hal_hcd.o
 .ARM.attributes
                0x0000027f       0x34 ./Drivers/STM32F4xx_HAL_Driver/Src/stm32f4xx_hal_i2c.o
 .ARM.attributes
                0x000002b3       0x34 ./Drivers/STM32F4xx_HAL_Driver/Src/stm32f4xx_hal_i2s.o
 .ARM.attributes
                0x000002e7       0x34 ./Drivers/STM32F4xx_HAL_Driver/Src/stm32f4xx_hal_i2s_ex.o
 .ARM.attributes
                0x0000031b       0x34 ./Drivers/STM32F4xx_HAL_Driver/Src/stm32f4xx_hal_rcc.o
 .ARM.attributes
                0x0000034f       0x34 ./Drivers/STM32F4xx_HAL_Driver/Src/stm32f4xx_hal_rcc_ex.o
 .ARM.attributes
                0x00000383       0x34 ./Drivers/STM32F4xx_HAL_Driver/Src/stm32f4xx_hal_spi.o
 .ARM.attributes
                0x000003b7       0x34 ./Drivers/STM32F4xx_HAL_Driver/Src/stm32f4xx_hal_uart.o
 .ARM.attributes
                0x000003eb       0x34 ./Drivers/STM32F4xx_HAL_Driver/Src/stm32f4xx_ll_usb.o
 .ARM.attributes
                0x0000041f       0x34 ./Middlewares/ST/STM32_USB_Host_Library/Class/CDC/Src/usbh_cdc.o
 .ARM.attributes
                0x00000453       0x34 ./Middlewares/ST/STM32_USB_Host_Library/Core/Src/usbh_core.o
 .ARM.attributes
                0x00000487       0x34 ./Middlewares/ST/STM32_USB_Host_Library/Core/Src/usbh_ctlreq.o
 .ARM.attributes
                0x000004bb       0x34 ./Middlewares/ST/STM32_USB_Host_Library/Core/Src/usbh_ioreq.o
 .ARM.attributes
                0x000004ef       0x34 ./Middlewares/ST/STM32_USB_Host_Library/Core/Src/usbh_pipes.o
 .ARM.attributes
                0x00000523       0x34 ./USB_HOST/App/usb_host.o
 .ARM.attributes
                0x00000557       0x34 ./USB_HOST/Target/usbh_conf.o
 .ARM.attributes
                0x0000058b       0x34 ./USB_HOST/Target/usbh_platform.o
 .ARM.attributes
                0x000005bf       0x34 /opt/st/stm32cubeide_1.17.0/plugins/com.st.stm32cube.ide.mcu.externaltools.gnu-tools-for-stm32.12.3.rel1.linux64_1.1.0.202410170702/tools/bin/../lib/gcc/arm-none-eabi/12.3.1/../../../../arm-none-eabi/lib/thumb/v7e-m+fp/hard/libc_nano.a(libc_a-malloc.o)
 .ARM.attributes
                0x000005f3       0x34 /opt/st/stm32cubeide_1.17.0/plugins/com.st.stm32cube.ide.mcu.externaltools.gnu-tools-for-stm32.12.3.rel1.linux64_1.1.0.202410170702/tools/bin/../lib/gcc/arm-none-eabi/12.3.1/../../../../arm-none-eabi/lib/thumb/v7e-m+fp/hard/libc_nano.a(libc_a-mallocr.o)
 .ARM.attributes
                0x00000627       0x34 /opt/st/stm32cubeide_1.17.0/plugins/com.st.stm32cube.ide.mcu.externaltools.gnu-tools-for-stm32.12.3.rel1.linux64_1.1.0.202410170702/tools/bin/../lib/gcc/arm-none-eabi/12.3.1/../../../../arm-none-eabi/lib/thumb/v7e-m+fp/hard/libc_nano.a(libc_a-mlock.o)
 .ARM.attributes
                0x0000065b       0x34 /opt/st/stm32cubeide_1.17.0/plugins/com.st.stm32cube.ide.mcu.externaltools.gnu-tools-for-stm32.12.3.rel1.linux64_1.1.0.202410170702/tools/bin/../lib/gcc/arm-none-eabi/12.3.1/../../../../arm-none-eabi/lib/thumb/v7e-m+fp/hard/libc_nano.a(libc_a-findfp.o)
 .ARM.attributes
                0x0000068f       0x34 /opt/st/stm32cubeide_1.17.0/plugins/com.st.stm32cube.ide.mcu.externaltools.gnu-tools-for-stm32.12.3.rel1.linux64_1.1.0.202410170702/tools/bin/../lib/gcc/arm-none-eabi/12.3.1/../../../../arm-none-eabi/lib/thumb/v7e-m+fp/hard/libc_nano.a(libc_a-sprintf.o)
 .ARM.attributes
                0x000006c3       0x34 /opt/st/stm32cubeide_1.17.0/plugins/com.st.stm32cube.ide.mcu.externaltools.gnu-tools-for-stm32.12.3.rel1.linux64_1.1.0.202410170702/tools/bin/../lib/gcc/arm-none-eabi/12.3.1/../../../../arm-none-eabi/lib/thumb/v7e-m+fp/hard/libc_nano.a(libc_a-memset.o)
 .ARM.attributes
                0x000006f7       0x34 /opt/st/stm32cubeide_1.17.0/plugins/com.st.stm32cube.ide.mcu.externaltools.gnu-tools-for-stm32.12.3.rel1.linux64_1.1.0.202410170702/tools/bin/../lib/gcc/arm-none-eabi/12.3.1/../../../../arm-none-eabi/lib/thumb/v7e-m+fp/hard/libc_nano.a(libc_a-reent.o)
 .ARM.attributes
                0x0000072b       0x34 /opt/st/stm32cubeide_1.17.0/plugins/com.st.stm32cube.ide.mcu.externaltools.gnu-tools-for-stm32.12.3.rel1.linux64_1.1.0.202410170702/tools/bin/../lib/gcc/arm-none-eabi/12.3.1/../../../../arm-none-eabi/lib/thumb/v7e-m+fp/hard/libc_nano.a(libc_a-impure.o)
 .ARM.attributes
                0x0000075f       0x34 /opt/st/stm32cubeide_1.17.0/plugins/com.st.stm32cube.ide.mcu.externaltools.gnu-tools-for-stm32.12.3.rel1.linux64_1.1.0.202410170702/tools/bin/../lib/gcc/arm-none-eabi/12.3.1/../../../../arm-none-eabi/lib/thumb/v7e-m+fp/hard/libc_nano.a(libc_a-sbrkr.o)
 .ARM.attributes
                0x00000793       0x34 /opt/st/stm32cubeide_1.17.0/plugins/com.st.stm32cube.ide.mcu.externaltools.gnu-tools-for-stm32.12.3.rel1.linux64_1.1.0.202410170702/tools/bin/../lib/gcc/arm-none-eabi/12.3.1/../../../../arm-none-eabi/lib/thumb/v7e-m+fp/hard/libc_nano.a(libc_a-errno.o)
 .ARM.attributes
                0x000007c7       0x34 /opt/st/stm32cubeide_1.17.0/plugins/com.st.stm32cube.ide.mcu.externaltools.gnu-tools-for-stm32.12.3.rel1.linux64_1.1.0.202410170702/tools/bin/../lib/gcc/arm-none-eabi/12.3.1/../../../../arm-none-eabi/lib/thumb/v7e-m+fp/hard/libc_nano.a(libc_a-init.o)
 .ARM.attributes
                0x000007fb       0x34 /opt/st/stm32cubeide_1.17.0/plugins/com.st.stm32cube.ide.mcu.externaltools.gnu-tools-for-stm32.12.3.rel1.linux64_1.1.0.202410170702/tools/bin/../lib/gcc/arm-none-eabi/12.3.1/../../../../arm-none-eabi/lib/thumb/v7e-m+fp/hard/libc_nano.a(libc_a-lock.o)
 .ARM.attributes
                0x0000082f       0x17 /opt/st/stm32cubeide_1.17.0/plugins/com.st.stm32cube.ide.mcu.externaltools.gnu-tools-for-stm32.12.3.rel1.linux64_1.1.0.202410170702/tools/bin/../lib/gcc/arm-none-eabi/12.3.1/../../../../arm-none-eabi/lib/thumb/v7e-m+fp/hard/libc_nano.a(libc_a-strlen.o)
 .ARM.attributes
                0x00000846       0x34 /opt/st/stm32cubeide_1.17.0/plugins/com.st.stm32cube.ide.mcu.externaltools.gnu-tools-for-stm32.12.3.rel1.linux64_1.1.0.202410170702/tools/bin/../lib/gcc/arm-none-eabi/12.3.1/../../../../arm-none-eabi/lib/thumb/v7e-m+fp/hard/libc_nano.a(libc_a-freer.o)
 .ARM.attributes
                0x0000087a       0x34 /opt/st/stm32cubeide_1.17.0/plugins/com.st.stm32cube.ide.mcu.externaltools.gnu-tools-for-stm32.12.3.rel1.linux64_1.1.0.202410170702/tools/bin/../lib/gcc/arm-none-eabi/12.3.1/../../../../arm-none-eabi/lib/thumb/v7e-m+fp/hard/libc_nano.a(libc_a-nano-svfprintf.o)
 .ARM.attributes
                0x000008ae       0x34 /opt/st/stm32cubeide_1.17.0/plugins/com.st.stm32cube.ide.mcu.externaltools.gnu-tools-for-stm32.12.3.rel1.linux64_1.1.0.202410170702/tools/bin/../lib/gcc/arm-none-eabi/12.3.1/../../../../arm-none-eabi/lib/thumb/v7e-m+fp/hard/libc_nano.a(libc_a-nano-vfprintf_i.o)
 .ARM.attributes
                0x000008e2       0x34 /opt/st/stm32cubeide_1.17.0/plugins/com.st.stm32cube.ide.mcu.externaltools.gnu-tools-for-stm32.12.3.rel1.linux64_1.1.0.202410170702/tools/bin/../lib/gcc/arm-none-eabi/12.3.1/../../../../arm-none-eabi/lib/thumb/v7e-m+fp/hard/libc_nano.a(libc_a-memmove.o)
 .ARM.attributes
                0x00000916       0x1c /opt/st/stm32cubeide_1.17.0/plugins/com.st.stm32cube.ide.mcu.externaltools.gnu-tools-for-stm32.12.3.rel1.linux64_1.1.0.202410170702/tools/bin/../lib/gcc/arm-none-eabi/12.3.1/../../../../arm-none-eabi/lib/thumb/v7e-m+fp/hard/libc_nano.a(libc_a-memchr.o)
 .ARM.attributes
                0x00000932       0x34 /opt/st/stm32cubeide_1.17.0/plugins/com.st.stm32cube.ide.mcu.externaltools.gnu-tools-for-stm32.12.3.rel1.linux64_1.1.0.202410170702/tools/bin/../lib/gcc/arm-none-eabi/12.3.1/../../../../arm-none-eabi/lib/thumb/v7e-m+fp/hard/libc_nano.a(libc_a-memcpy-stub.o)
 .ARM.attributes
                0x00000966       0x34 /opt/st/stm32cubeide_1.17.0/plugins/com.st.stm32cube.ide.mcu.externaltools.gnu-tools-for-stm32.12.3.rel1.linux64_1.1.0.202410170702/tools/bin/../lib/gcc/arm-none-eabi/12.3.1/../../../../arm-none-eabi/lib/thumb/v7e-m+fp/hard/libc_nano.a(libc_a-reallocr.o)
 .ARM.attributes
                0x0000099a       0x34 /opt/st/stm32cubeide_1.17.0/plugins/com.st.stm32cube.ide.mcu.externaltools.gnu-tools-for-stm32.12.3.rel1.linux64_1.1.0.202410170702/tools/bin/../lib/gcc/arm-none-eabi/12.3.1/../../../../arm-none-eabi/lib/thumb/v7e-m+fp/hard/libc_nano.a(libc_a-msizer.o)
 .ARM.attributes
                0x000009ce       0x22 /opt/st/stm32cubeide_1.17.0/plugins/com.st.stm32cube.ide.mcu.externaltools.gnu-tools-for-stm32.12.3.rel1.linux64_1.1.0.202410170702/tools/bin/../lib/gcc/arm-none-eabi/12.3.1/thumb/v7e-m+fp/hard/libgcc.a(_aeabi_uldivmod.o)
 .ARM.attributes
                0x000009f0       0x34 /opt/st/stm32cubeide_1.17.0/plugins/com.st.stm32cube.ide.mcu.externaltools.gnu-tools-for-stm32.12.3.rel1.linux64_1.1.0.202410170702/tools/bin/../lib/gcc/arm-none-eabi/12.3.1/thumb/v7e-m+fp/hard/libgcc.a(_udivmoddi4.o)
 .ARM.attributes
                0x00000a24       0x22 /opt/st/stm32cubeide_1.17.0/plugins/com.st.stm32cube.ide.mcu.externaltools.gnu-tools-for-stm32.12.3.rel1.linux64_1.1.0.202410170702/tools/bin/../lib/gcc/arm-none-eabi/12.3.1/thumb/v7e-m+fp/hard/libgcc.a(_dvmd_tls.o)
 .ARM.attributes
                0x00000a46       0x22 /opt/st/stm32cubeide_1.17.0/plugins/com.st.stm32cube.ide.mcu.externaltools.gnu-tools-for-stm32.12.3.rel1.linux64_1.1.0.202410170702/tools/bin/../lib/gcc/arm-none-eabi/12.3.1/thumb/v7e-m+fp/hard/crtn.o
OUTPUT(ADC_POT_Reading.elf elf32-littlearm)
LOAD linker stubs
LOAD /opt/st/stm32cubeide_1.17.0/plugins/com.st.stm32cube.ide.mcu.externaltools.gnu-tools-for-stm32.12.3.rel1.linux64_1.1.0.202410170702/tools/bin/../lib/gcc/arm-none-eabi/12.3.1/../../../../arm-none-eabi/lib/thumb/v7e-m+fp/hard/libc.a
LOAD /opt/st/stm32cubeide_1.17.0/plugins/com.st.stm32cube.ide.mcu.externaltools.gnu-tools-for-stm32.12.3.rel1.linux64_1.1.0.202410170702/tools/bin/../lib/gcc/arm-none-eabi/12.3.1/../../../../arm-none-eabi/lib/thumb/v7e-m+fp/hard/libm.a
LOAD /opt/st/stm32cubeide_1.17.0/plugins/com.st.stm32cube.ide.mcu.externaltools.gnu-tools-for-stm32.12.3.rel1.linux64_1.1.0.202410170702/tools/bin/../lib/gcc/arm-none-eabi/12.3.1/thumb/v7e-m+fp/hard/libgcc.a

.debug_info     0x00000000    0x18fa3
 .debug_info    0x00000000     0x1746 ./Core/Src/main.o
 .debug_info    0x00001746     0x1585 ./Core/Src/stm32f4xx_hal_msp.o
 .debug_info    0x00002ccb      0x638 ./Core/Src/stm32f4xx_it.o
 .debug_info    0x00003303      0x168 ./Core/Src/sysmem.o
 .debug_info    0x0000346b      0x512 ./Core/Src/system_stm32f4xx.o
 .debug_info    0x0000397d       0x30 ./Core/Startup/startup_stm32f407vgtx.o
 .debug_info    0x000039ad      0x948 ./Drivers/STM32F4xx_HAL_Driver/Src/stm32f4xx_hal.o
 .debug_info    0x000042f5      0xcd4 ./Drivers/STM32F4xx_HAL_Driver/Src/stm32f4xx_hal_adc.o
 .debug_info    0x00004fc9      0xd46 ./Drivers/STM32F4xx_HAL_Driver/Src/stm32f4xx_hal_cortex.o
 .debug_info    0x00005d0f      0x6c3 ./Drivers/STM32F4xx_HAL_Driver/Src/stm32f4xx_hal_gpio.o
 .debug_info    0x000063d2      0xfea ./Drivers/STM32F4xx_HAL_Driver/Src/stm32f4xx_hal_hcd.o
 .debug_info    0x000073bc     0x23e1 ./Drivers/STM32F4xx_HAL_Driver/Src/stm32f4xx_hal_i2c.o
 .debug_info    0x0000979d      0xdf8 ./Drivers/STM32F4xx_HAL_Driver/Src/stm32f4xx_hal_i2s.o
 .debug_info    0x0000a595      0xaeb ./Drivers/STM32F4xx_HAL_Driver/Src/stm32f4xx_hal_i2s_ex.o
 .debug_info    0x0000b080      0x8b1 ./Drivers/STM32F4xx_HAL_Driver/Src/stm32f4xx_hal_rcc.o
 .debug_info    0x0000b931      0x53a ./Drivers/STM32F4xx_HAL_Driver/Src/stm32f4xx_hal_rcc_ex.o
 .debug_info    0x0000be6b     0x15fb ./Drivers/STM32F4xx_HAL_Driver/Src/stm32f4xx_hal_spi.o
 .debug_info    0x0000d466     0x2fb8 ./Drivers/STM32F4xx_HAL_Driver/Src/stm32f4xx_hal_uart.o
 .debug_info    0x0001041e     0x18f6 ./Drivers/STM32F4xx_HAL_Driver/Src/stm32f4xx_ll_usb.o
 .debug_info    0x00011d14     0x1474 ./Middlewares/ST/STM32_USB_Host_Library/Class/CDC/Src/usbh_cdc.o
 .debug_info    0x00013188      0xf90 ./Middlewares/ST/STM32_USB_Host_Library/Core/Src/usbh_core.o
 .debug_info    0x00014118      0xf86 ./Middlewares/ST/STM32_USB_Host_Library/Core/Src/usbh_ctlreq.o
 .debug_info    0x0001509e      0xc2b ./Middlewares/ST/STM32_USB_Host_Library/Core/Src/usbh_ioreq.o
 .debug_info    0x00015cc9      0xa8e ./Middlewares/ST/STM32_USB_Host_Library/Core/Src/usbh_pipes.o
 .debug_info    0x00016757      0xa10 ./USB_HOST/App/usb_host.o
 .debug_info    0x00017167     0x1c64 ./USB_HOST/Target/usbh_conf.o
 .debug_info    0x00018dcb      0x1d8 ./USB_HOST/Target/usbh_platform.o

.debug_abbrev   0x00000000     0x3e1a
 .debug_abbrev  0x00000000      0x2cd ./Core/Src/main.o
 .debug_abbrev  0x000002cd      0x228 ./Core/Src/stm32f4xx_hal_msp.o
 .debug_abbrev  0x000004f5      0x1a4 ./Core/Src/stm32f4xx_it.o
 .debug_abbrev  0x00000699       0xbc ./Core/Src/sysmem.o
 .debug_abbrev  0x00000755      0x11a ./Core/Src/system_stm32f4xx.o
 .debug_abbrev  0x0000086f       0x24 ./Core/Startup/startup_stm32f407vgtx.o
 .debug_abbrev  0x00000893      0x213 ./Drivers/STM32F4xx_HAL_Driver/Src/stm32f4xx_hal.o
 .debug_abbrev  0x00000aa6      0x252 ./Drivers/STM32F4xx_HAL_Driver/Src/stm32f4xx_hal_adc.o
 .debug_abbrev  0x00000cf8      0x327 ./Drivers/STM32F4xx_HAL_Driver/Src/stm32f4xx_hal_cortex.o
 .debug_abbrev  0x0000101f      0x1d4 ./Drivers/STM32F4xx_HAL_Driver/Src/stm32f4xx_hal_gpio.o
 .debug_abbrev  0x000011f3      0x291 ./Drivers/STM32F4xx_HAL_Driver/Src/stm32f4xx_hal_hcd.o
 .debug_abbrev  0x00001484      0x2ad ./Drivers/STM32F4xx_HAL_Driver/Src/stm32f4xx_hal_i2c.o
 .debug_abbrev  0x00001731      0x256 ./Drivers/STM32F4xx_HAL_Driver/Src/stm32f4xx_hal_i2s.o
 .debug_abbrev  0x00001987      0x288 ./Drivers/STM32F4xx_HAL_Driver/Src/stm32f4xx_hal_i2s_ex.o
 .debug_abbrev  0x00001c0f      0x2b6 ./Drivers/STM32F4xx_HAL_Driver/Src/stm32f4xx_hal_rcc.o
 .debug_abbrev  0x00001ec5      0x1af ./Drivers/STM32F4xx_HAL_Driver/Src/stm32f4xx_hal_rcc_ex.o
 .debug_abbrev  0x00002074      0x284 ./Drivers/STM32F4xx_HAL_Driver/Src/stm32f4xx_hal_spi.o
 .debug_abbrev  0x000022f8      0x30e ./Drivers/STM32F4xx_HAL_Driver/Src/stm32f4xx_hal_uart.o
 .debug_abbrev  0x00002606      0x2ac ./Drivers/STM32F4xx_HAL_Driver/Src/stm32f4xx_ll_usb.o
 .debug_abbrev  0x000028b2      0x33b ./Middlewares/ST/STM32_USB_Host_Library/Class/CDC/Src/usbh_cdc.o
 .debug_abbrev  0x00002bed      0x327 ./Middlewares/ST/STM32_USB_Host_Library/Core/Src/usbh_core.o
 .debug_abbrev  0x00002f14      0x2fc ./Middlewares/ST/STM32_USB_Host_Library/Core/Src/usbh_ctlreq.o
 .debug_abbrev  0x00003210      0x245 ./Middlewares/ST/STM32_USB_Host_Library/Core/Src/usbh_ioreq.o
 .debug_abbrev  0x00003455      0x281 ./Middlewares/ST/STM32_USB_Host_Library/Core/Src/usbh_pipes.o
 .debug_abbrev  0x000036d6      0x26e ./USB_HOST/App/usb_host.o
 .debug_abbrev  0x00003944      0x3c2 ./USB_HOST/Target/usbh_conf.o
 .debug_abbrev  0x00003d06      0x114 ./USB_HOST/Target/usbh_platform.o

.debug_aranges  0x00000000     0x1428
 .debug_aranges
                0x00000000       0x60 ./Core/Src/main.o
 .debug_aranges
                0x00000060       0x70 ./Core/Src/stm32f4xx_hal_msp.o
 .debug_aranges
                0x000000d0       0x68 ./Core/Src/stm32f4xx_it.o
 .debug_aranges
                0x00000138       0x20 ./Core/Src/sysmem.o
 .debug_aranges
                0x00000158       0x28 ./Core/Src/system_stm32f4xx.o
 .debug_aranges
                0x00000180       0x28 ./Core/Startup/startup_stm32f407vgtx.o
 .debug_aranges
                0x000001a8       0xf0 ./Drivers/STM32F4xx_HAL_Driver/Src/stm32f4xx_hal.o
 .debug_aranges
                0x00000298       0xe8 ./Drivers/STM32F4xx_HAL_Driver/Src/stm32f4xx_hal_adc.o
 .debug_aranges
                0x00000380      0x118 ./Drivers/STM32F4xx_HAL_Driver/Src/stm32f4xx_hal_cortex.o
 .debug_aranges
                0x00000498       0x58 ./Drivers/STM32F4xx_HAL_Driver/Src/stm32f4xx_hal_gpio.o
 .debug_aranges
                0x000004f0       0xf8 ./Drivers/STM32F4xx_HAL_Driver/Src/stm32f4xx_hal_hcd.o
 .debug_aranges
                0x000005e8      0x2a0 ./Drivers/STM32F4xx_HAL_Driver/Src/stm32f4xx_hal_i2c.o
 .debug_aranges
                0x00000888      0x108 ./Drivers/STM32F4xx_HAL_Driver/Src/stm32f4xx_hal_i2s.o
 .debug_aranges
                0x00000990       0x88 ./Drivers/STM32F4xx_HAL_Driver/Src/stm32f4xx_hal_i2s_ex.o
 .debug_aranges
                0x00000a18       0x88 ./Drivers/STM32F4xx_HAL_Driver/Src/stm32f4xx_hal_rcc.o
 .debug_aranges
                0x00000aa0       0x48 ./Drivers/STM32F4xx_HAL_Driver/Src/stm32f4xx_hal_rcc_ex.o
 .debug_aranges
                0x00000ae8      0x1d0 ./Drivers/STM32F4xx_HAL_Driver/Src/stm32f4xx_hal_spi.o
 .debug_aranges
                0x00000cb8      0x200 ./Drivers/STM32F4xx_HAL_Driver/Src/stm32f4xx_hal_uart.o
 .debug_aranges
                0x00000eb8      0x1a0 ./Drivers/STM32F4xx_HAL_Driver/Src/stm32f4xx_ll_usb.o
 .debug_aranges
                0x00001058       0xa8 ./Middlewares/ST/STM32_USB_Host_Library/Class/CDC/Src/usbh_cdc.o
 .debug_aranges
                0x00001100       0xc0 ./Middlewares/ST/STM32_USB_Host_Library/Core/Src/usbh_core.o
 .debug_aranges
                0x000011c0       0xa0 ./Middlewares/ST/STM32_USB_Host_Library/Core/Src/usbh_ctlreq.o
 .debug_aranges
                0x00001260       0x60 ./Middlewares/ST/STM32_USB_Host_Library/Core/Src/usbh_ioreq.o
 .debug_aranges
                0x000012c0       0x40 ./Middlewares/ST/STM32_USB_Host_Library/Core/Src/usbh_pipes.o
 .debug_aranges
                0x00001300       0x30 ./USB_HOST/App/usb_host.o
 .debug_aranges
                0x00001330       0xd8 ./USB_HOST/Target/usbh_conf.o
 .debug_aranges
                0x00001408       0x20 ./USB_HOST/Target/usbh_platform.o

.debug_rnglists
                0x00000000      0xf8e
 .debug_rnglists
                0x00000000       0x47 ./Core/Src/main.o
 .debug_rnglists
                0x00000047       0x54 ./Core/Src/stm32f4xx_hal_msp.o
 .debug_rnglists
                0x0000009b       0x49 ./Core/Src/stm32f4xx_it.o
 .debug_rnglists
                0x000000e4       0x13 ./Core/Src/sysmem.o
 .debug_rnglists
                0x000000f7       0x1a ./Core/Src/system_stm32f4xx.o
 .debug_rnglists
                0x00000111       0x19 ./Core/Startup/startup_stm32f407vgtx.o
 .debug_rnglists
                0x0000012a       0xaf ./Drivers/STM32F4xx_HAL_Driver/Src/stm32f4xx_hal.o
 .debug_rnglists
                0x000001d9       0xb5 ./Drivers/STM32F4xx_HAL_Driver/Src/stm32f4xx_hal_adc.o
 .debug_rnglists
                0x0000028e       0xce ./Drivers/STM32F4xx_HAL_Driver/Src/stm32f4xx_hal_cortex.o
 .debug_rnglists
                0x0000035c       0x3f ./Drivers/STM32F4xx_HAL_Driver/Src/stm32f4xx_hal_gpio.o
 .debug_rnglists
                0x0000039b       0xbd ./Drivers/STM32F4xx_HAL_Driver/Src/stm32f4xx_hal_hcd.o
 .debug_rnglists
                0x00000458      0x235 ./Drivers/STM32F4xx_HAL_Driver/Src/stm32f4xx_hal_i2c.o
 .debug_rnglists
                0x0000068d       0xcc ./Drivers/STM32F4xx_HAL_Driver/Src/stm32f4xx_hal_i2s.o
 .debug_rnglists
                0x00000759       0x6a ./Drivers/STM32F4xx_HAL_Driver/Src/stm32f4xx_hal_i2s_ex.o
 .debug_rnglists
                0x000007c3       0x66 ./Drivers/STM32F4xx_HAL_Driver/Src/stm32f4xx_hal_rcc.o
 .debug_rnglists
                0x00000829       0x35 ./Drivers/STM32F4xx_HAL_Driver/Src/stm32f4xx_hal_rcc_ex.o
 .debug_rnglists
                0x0000085e      0x16f ./Drivers/STM32F4xx_HAL_Driver/Src/stm32f4xx_hal_spi.o
 .debug_rnglists
                0x000009cd      0x1b7 ./Drivers/STM32F4xx_HAL_Driver/Src/stm32f4xx_hal_uart.o
 .debug_rnglists
                0x00000b84      0x148 ./Drivers/STM32F4xx_HAL_Driver/Src/stm32f4xx_ll_usb.o
 .debug_rnglists
                0x00000ccc       0x7e ./Middlewares/ST/STM32_USB_Host_Library/Class/CDC/Src/usbh_cdc.o
 .debug_rnglists
                0x00000d4a       0x8f ./Middlewares/ST/STM32_USB_Host_Library/Core/Src/usbh_core.o
 .debug_rnglists
                0x00000dd9       0x77 ./Middlewares/ST/STM32_USB_Host_Library/Core/Src/usbh_ctlreq.o
 .debug_rnglists
                0x00000e50       0x43 ./Middlewares/ST/STM32_USB_Host_Library/Core/Src/usbh_ioreq.o
 .debug_rnglists
                0x00000e93       0x2b ./Middlewares/ST/STM32_USB_Host_Library/Core/Src/usbh_pipes.o
 .debug_rnglists
                0x00000ebe       0x1f ./USB_HOST/App/usb_host.o
 .debug_rnglists
                0x00000edd       0x9e ./USB_HOST/Target/usbh_conf.o
 .debug_rnglists
                0x00000f7b       0x13 ./USB_HOST/Target/usbh_platform.o

.debug_macro    0x00000000    0x25a23
 .debug_macro   0x00000000      0x359 ./Core/Src/main.o
 .debug_macro   0x00000359      0xab4 ./Core/Src/main.o
 .debug_macro   0x00000e0d      0x2b3 ./Core/Src/main.o
 .debug_macro   0x000010c0       0x2e ./Core/Src/main.o
 .debug_macro   0x000010ee       0x2f ./Core/Src/main.o
 .debug_macro   0x0000111d       0x22 ./Core/Src/main.o
 .debug_macro   0x0000113f       0x8e ./Core/Src/main.o
 .debug_macro   0x000011cd       0x51 ./Core/Src/main.o
 .debug_macro   0x0000121e      0x103 ./Core/Src/main.o
 .debug_macro   0x00001321       0x6a ./Core/Src/main.o
 .debug_macro   0x0000138b      0x1df ./Core/Src/main.o
 .debug_macro   0x0000156a       0x1c ./Core/Src/main.o
 .debug_macro   0x00001586       0x22 ./Core/Src/main.o
 .debug_macro   0x000015a8       0xd9 ./Core/Src/main.o
 .debug_macro   0x00001681     0x102d ./Core/Src/main.o
 .debug_macro   0x000026ae      0x11f ./Core/Src/main.o
 .debug_macro   0x000027cd    0x15e82 ./Core/Src/main.o
 .debug_macro   0x0001864f       0x6d ./Core/Src/main.o
 .debug_macro   0x000186bc     0x367e ./Core/Src/main.o
 .debug_macro   0x0001bd3a      0x189 ./Core/Src/main.o
 .debug_macro   0x0001bec3       0x5c ./Core/Src/main.o
 .debug_macro   0x0001bf1f      0x96b ./Core/Src/main.o
 .debug_macro   0x0001c88a      0x9fe ./Core/Src/main.o
 .debug_macro   0x0001d288      0x115 ./Core/Src/main.o
 .debug_macro   0x0001d39d      0x13e ./Core/Src/main.o
 .debug_macro   0x0001d4db       0xa5 ./Core/Src/main.o
 .debug_macro   0x0001d580      0x174 ./Core/Src/main.o
 .debug_macro   0x0001d6f4      0x287 ./Core/Src/main.o
 .debug_macro   0x0001d97b       0x5f ./Core/Src/main.o
 .debug_macro   0x0001d9da      0x236 ./Core/Src/main.o
 .debug_macro   0x0001dc10      0xb5b ./Core/Src/main.o
 .debug_macro   0x0001e76b      0x38b ./Core/Src/main.o
 .debug_macro   0x0001eaf6      0x176 ./Core/Src/main.o
 .debug_macro   0x0001ec6c       0xf9 ./Core/Src/main.o
 .debug_macro   0x0001ed65      0x12c ./Core/Src/main.o
 .debug_macro   0x0001ee91      0x21e ./Core/Src/main.o
 .debug_macro   0x0001f0af       0x2e ./Core/Src/main.o
 .debug_macro   0x0001f0dd      0x1b5 ./Core/Src/main.o
 .debug_macro   0x0001f292       0xd6 ./Core/Src/main.o
 .debug_macro   0x0001f368      0x1a7 ./Core/Src/main.o
 .debug_macro   0x0001f50f       0x46 ./Core/Src/main.o
 .debug_macro   0x0001f555       0x4a ./Core/Src/main.o
 .debug_macro   0x0001f59f      0x11a ./Core/Src/main.o
 .debug_macro   0x0001f6b9       0x7e ./Core/Src/main.o
 .debug_macro   0x0001f737       0x89 ./Core/Src/main.o
 .debug_macro   0x0001f7c0      0x225 ./Core/Src/main.o
 .debug_macro   0x0001f9e5      0x295 ./Core/Src/main.o
 .debug_macro   0x0001fc7a      0x248 ./Core/Src/main.o
 .debug_macro   0x0001fec2       0x7c ./Core/Src/main.o
 .debug_macro   0x0001ff3e      0x12d ./Core/Src/main.o
 .debug_macro   0x0002006b      0x190 ./Core/Src/main.o
 .debug_macro   0x000201fb       0x61 ./Core/Src/main.o
 .debug_macro   0x0002025c       0x2a ./Core/Src/main.o
 .debug_macro   0x00020286       0x43 ./Core/Src/main.o
 .debug_macro   0x000202c9       0x34 ./Core/Src/main.o
 .debug_macro   0x000202fd       0x16 ./Core/Src/main.o
 .debug_macro   0x00020313       0x35 ./Core/Src/main.o
 .debug_macro   0x00020348      0x369 ./Core/Src/main.o
 .debug_macro   0x000206b1       0x10 ./Core/Src/main.o
 .debug_macro   0x000206c1       0x16 ./Core/Src/main.o
 .debug_macro   0x000206d7       0x43 ./Core/Src/main.o
 .debug_macro   0x0002071a       0x34 ./Core/Src/main.o
 .debug_macro   0x0002074e       0x10 ./Core/Src/main.o
 .debug_macro   0x0002075e       0x58 ./Core/Src/main.o
 .debug_macro   0x000207b6       0x8e ./Core/Src/main.o
 .debug_macro   0x00020844       0x1c ./Core/Src/main.o
 .debug_macro   0x00020860      0x177 ./Core/Src/main.o
 .debug_macro   0x000209d7       0x16 ./Core/Src/main.o
 .debug_macro   0x000209ed       0x16 ./Core/Src/main.o
 .debug_macro   0x00020a03      0x146 ./Core/Src/main.o
 .debug_macro   0x00020b49       0x16 ./Core/Src/main.o
 .debug_macro   0x00020b5f       0x20 ./Core/Src/main.o
 .debug_macro   0x00020b7f      0x247 ./Core/Src/stm32f4xx_hal_msp.o
 .debug_macro   0x00020dc6      0x251 ./Core/Src/stm32f4xx_it.o
 .debug_macro   0x00021017       0xff ./Core/Src/sysmem.o
 .debug_macro   0x00021116      0x23c ./Core/Src/sysmem.o
 .debug_macro   0x00021352      0x238 ./Core/Src/system_stm32f4xx.o
 .debug_macro   0x0002158a      0x298 ./Drivers/STM32F4xx_HAL_Driver/Src/stm32f4xx_hal.o
 .debug_macro   0x00021822      0x239 ./Drivers/STM32F4xx_HAL_Driver/Src/stm32f4xx_hal_adc.o
 .debug_macro   0x00021a5b      0x238 ./Drivers/STM32F4xx_HAL_Driver/Src/stm32f4xx_hal_cortex.o
 .debug_macro   0x00021c93      0x23e ./Drivers/STM32F4xx_HAL_Driver/Src/stm32f4xx_hal_gpio.o
 .debug_macro   0x00021ed1      0x238 ./Drivers/STM32F4xx_HAL_Driver/Src/stm32f4xx_hal_hcd.o
 .debug_macro   0x00022109      0x27f ./Drivers/STM32F4xx_HAL_Driver/Src/stm32f4xx_hal_i2c.o
 .debug_macro   0x00022388      0x240 ./Drivers/STM32F4xx_HAL_Driver/Src/stm32f4xx_hal_i2s.o
 .debug_macro   0x000225c8      0x238 ./Drivers/STM32F4xx_HAL_Driver/Src/stm32f4xx_hal_i2s_ex.o
 .debug_macro   0x00022800      0x25c ./Drivers/STM32F4xx_HAL_Driver/Src/stm32f4xx_hal_rcc.o
 .debug_macro   0x00022a5c      0x238 ./Drivers/STM32F4xx_HAL_Driver/Src/stm32f4xx_hal_rcc_ex.o
 .debug_macro   0x00022c94      0x247 ./Drivers/STM32F4xx_HAL_Driver/Src/stm32f4xx_hal_spi.o
 .debug_macro   0x00022edb      0x239 ./Drivers/STM32F4xx_HAL_Driver/Src/stm32f4xx_hal_uart.o
 .debug_macro   0x00023114      0x238 ./Drivers/STM32F4xx_HAL_Driver/Src/stm32f4xx_ll_usb.o
 .debug_macro   0x0002334c      0x3df ./Middlewares/ST/STM32_USB_Host_Library/Class/CDC/Src/usbh_cdc.o
 .debug_macro   0x0002372b       0x9e ./Middlewares/ST/STM32_USB_Host_Library/Class/CDC/Src/usbh_cdc.o