../Core/Src/main.c:93:6:HAL_GPIO_EXTI_Callback	16	static
../Core/Src/main.c:108:6:HAL_CAN_RxFifo0MsgPendingCallback	16	static
../Core/Src/main.c:122:5:main	8	static
../Core/Src/main.c:206:6:SystemClock_Config	88	static
../Core/Src/main.c:252:13:MX_ADC1_Init	24	static
../Core/Src/main.c:304:13:MX_CAN1_Init	48	static
../Core/Src/main.c:355:13:MX_I2C1_Init	8	static
../Core/Src/main.c:389:13:MX_I2S3_Init	8	static
../Core/Src/main.c:423:13:MX_SPI1_Init	8	static
../Core/Src/main.c:461:13:MX_GPIO_Init	56	static
../Core/Src/main.c:569:6:Error_Handler	4	static,ignoring_inline_asm
