../Core/Src/main.c:81:6:HAL_GPIO_EXTI_Callback	16	static
../Core/Src/main.c:92:6:HAL_CAN_RxFifo0FullCallback	16	static
../Core/Src/main.c:107:5:main	16	static
../Core/Src/main.c:177:6:SystemClock_Config	88	static
../Core/Src/main.c:223:13:MX_CAN1_Init	48	static
../Core/Src/main.c:276:13:MX_I2C1_Init	8	static
../Core/Src/main.c:310:13:MX_I2S3_Init	8	static
../Core/Src/main.c:344:13:MX_SPI1_Init	8	static
../Core/Src/main.c:382:13:MX_GPIO_Init	56	static
../Core/Src/main.c:485:6:Error_Handler	4	static,ignoring_inline_asm
