../Core/Src/main.c:110:6:HAL_CAN_RxFifo0MsgPendingCallback	16	static
../Core/Src/main.c:126:5:main	8	static
../Core/Src/main.c:217:6:SystemClock_Config	88	static
../Core/Src/main.c:263:13:MX_ADC1_Init	24	static
../Core/Src/main.c:315:13:MX_CAN1_Init	8	static
../Core/Src/main.c:352:13:MX_I2C1_Init	8	static
../Core/Src/main.c:386:13:MX_I2S3_Init	8	static
../Core/Src/main.c:420:13:MX_SPI1_Init	8	static
../Core/Src/main.c:458:13:MX_GPIO_Init	56	static
../Core/Src/main.c:566:6:Error_Handler	4	static,ignoring_inline_asm
