10:21:47 **** Incremental Build of configuration Debug for project Pot_Value_To_CAN_PB ****
make -j4 all 
arm-none-eabi-gcc "../Core/Src/main.c" -mcpu=cortex-m4 -std=gnu11 -g3 -DDEBUG -DUSE_HAL_DRIVER -DSTM32F407xx -c -I../USB_HOST/App -I../USB_HOST/Target -I../Core/Inc -I../Drivers/STM32F4xx_HAL_Driver/Inc -I../Drivers/STM32F4xx_HAL_Driver/Inc/Legacy -I../Middlewares/ST/STM32_USB_Host_Library/Core/Inc -I../Middlewares/ST/STM32_USB_Host_Library/Class/CDC/Inc -I../Drivers/CMSIS/Device/ST/STM32F4xx/Include -I../Drivers/CMSIS/Include -O0 -ffunction-sections -fdata-sections -Wall -fstack-usage -fcyclomatic-complexity -MMD -MP -MF"Core/Src/main.d" -MT"Core/Src/main.o" --specs=nano.specs -mfpu=fpv4-sp-d16 -mfloat-abi=hard -mthumb -o "Core/Src/main.o"
arm-none-eabi-gcc -o "Pot_Value_To_CAN_PB.elf" @"objects.list"   -mcpu=cortex-m4 -T"D:\Internship\Yellow Matrix\STM32f407_Workspace\Pot_Value_To_CAN_PB\STM32F407VGTX_FLASH.ld" --specs=nosys.specs -Wl,-Map="Pot_Value_To_CAN_PB.map" -Wl,--gc-sections -static --specs=nano.specs -mfpu=fpv4-sp-d16 -mfloat-abi=hard -mthumb -Wl,--start-group -lc -lm -Wl,--end-group
Finished building target: Pot_Value_To_CAN_PB.elf
 
arm-none-eabi-size   Pot_Value_To_CAN_PB.elf 
arm-none-eabi-objdump -h -S  Pot_Value_To_CAN_PB.elf  > "Pot_Value_To_CAN_PB.list"
   text	   data	    bss	    dec	    hex	filename
  37728	    152	   3784	  41664	   a2c0	Pot_Value_To_CAN_PB.elf
Finished building: default.size.stdout
 
Finished building: Pot_Value_To_CAN_PB.list
 

10:21:56 Build Finished. 0 errors, 0 warnings. (took 9s.334ms)

